[    7385ms] [INFO] %cDownload the React DevTools for a better development experience: https://react.dev/link/react-devtools font-weight:bold @ http://localhost:3000/_next/static/chunks/node_modules_next_dist_1e8vcs8._.js:776
[    7412ms] [LOG] [HMR] connected @ http://localhost:3000/_next/static/chunks/node_modules_next_dist_1e8vcs8._.js:776
[    7672ms] [WARNING] Clerk: Clerk has been loaded with development keys. Development instances have strict usage limits and should not be used when deploying your application to production. Learn more: https://clerk.com/docs/deployments/overview @ http://localhost:3000/_next/static/chunks/node_modules_next_dist_1e8vcs8._.js:776
[    8074ms] [VERBOSE] [DOM] Input elements should have autocomplete attributes (suggested: "current-password"): (More info: https://goo.gl/9p2vKq) %o @ http://localhost:3000/sign-in:0
[   12121ms] [INFO] %cDownload the React DevTools for a better development experience: https://react.dev/link/react-devtools font-weight:bold @ http://localhost:3000/_next/static/chunks/node_modules_next_dist_1e8vcs8._.js:776
[   12153ms] [LOG] [HMR] connected @ http://localhost:3000/_next/static/chunks/node_modules_next_dist_1e8vcs8._.js:776
[   12325ms] [WARNING] Clerk: Clerk has been loaded with development keys. Development instances have strict usage limits and should not be used when deploying your application to production. Learn more: https://clerk.com/docs/deployments/overview @ http://localhost:3000/_next/static/chunks/node_modules_next_dist_1e8vcs8._.js:776
[   12706ms] [VERBOSE] [DOM] Input elements should have autocomplete attributes (suggested: "current-password"): (More info: https://goo.gl/9p2vKq) %o @ http://localhost:3000/sign-in:0
[   26363ms] [LOG] [Fast Refresh] rebuilding @ http://localhost:3000/_next/static/chunks/node_modules_next_dist_1e8vcs8._.js:776
[   26598ms] [LOG] [Fast Refresh] done in 342ms @ http://localhost:3000/_next/static/chunks/node_modules_next_dist_1e8vcs8._.js:776
[   42627ms] [INFO] %cDownload the React DevTools for a better development experience: https://react.dev/link/react-devtools font-weight:bold @ http://localhost:3000/_next/static/chunks/node_modules_next_dist_1e8vcs8._.js:776
[   42659ms] [LOG] [HMR] connected @ http://localhost:3000/_next/static/chunks/node_modules_next_dist_1e8vcs8._.js:776
[   42817ms] [WARNING] Clerk: Clerk has been loaded with development keys. Development instances have strict usage limits and should not be used when deploying your application to production. Learn more: https://clerk.com/docs/deployments/overview @ http://localhost:3000/_next/static/chunks/node_modules_next_dist_1e8vcs8._.js:776
[   43196ms] [VERBOSE] [DOM] Input elements should have autocomplete attributes (suggested: "current-password"): (More info: https://goo.gl/9p2vKq) %o @ http://localhost:3000/sign-in:0
[  107200ms] [LOG] [Fast Refresh] rebuilding @ http://localhost:3000/_next/static/chunks/node_modules_next_dist_1e8vcs8._.js:776
[  108855ms] [LOG] [Fast Refresh] done in 1653ms @ http://localhost:3000/_next/static/chunks/node_modules_next_dist_1e8vcs8._.js:776
[  108918ms] [LOG] [Fast Refresh] done in 1653ms @ http://localhost:3000/_next/static/chunks/node_modules_next_dist_1e8vcs8._.js:776
[  108979ms] [LOG] [Fast Refresh] done in 1653ms @ http://localhost:3000/_next/static/chunks/node_modules_next_dist_1e8vcs8._.js:776
[  109041ms] [LOG] [Fast Refresh] done in 1653ms @ http://localhost:3000/_next/static/chunks/node_modules_next_dist_1e8vcs8._.js:776
[  109103ms] [LOG] [Fast Refresh] done in 1653ms @ http://localhost:3000/_next/static/chunks/node_modules_next_dist_1e8vcs8._.js:776
[  109165ms] [LOG] [Fast Refresh] done in 1653ms @ http://localhost:3000/_next/static/chunks/node_modules_next_dist_1e8vcs8._.js:776
[  109226ms] [LOG] [Fast Refresh] done in 1653ms @ http://localhost:3000/_next/static/chunks/node_modules_next_dist_1e8vcs8._.js:776
[  109288ms] [LOG] [Fast Refresh] done in 1653ms @ http://localhost:3000/_next/static/chunks/node_modules_next_dist_1e8vcs8._.js:776
[  109351ms] [LOG] [Fast Refresh] done in 1653ms @ http://localhost:3000/_next/static/chunks/node_modules_next_dist_1e8vcs8._.js:776
[  109413ms] [LOG] [Fast Refresh] done in 1653ms @ http://localhost:3000/_next/static/chunks/node_modules_next_dist_1e8vcs8._.js:776
[  109475ms] [LOG] [Fast Refresh] done in 1653ms @ http://localhost:3000/_next/static/chunks/node_modules_next_dist_1e8vcs8._.js:776
[  109536ms] [LOG] [Fast Refresh] done in 1653ms @ http://localhost:3000/_next/static/chunks/node_modules_next_dist_1e8vcs8._.js:776
[  109600ms] [LOG] [Fast Refresh] done in 1653ms @ http://localhost:3000/_next/static/chunks/node_modules_next_dist_1e8vcs8._.js:776
[  109664ms] [LOG] [Fast Refresh] done in 1653ms @ http://localhost:3000/_next/static/chunks/node_modules_next_dist_1e8vcs8._.js:776
[  109726ms] [LOG] [Fast Refresh] done in 1653ms @ http://localhost:3000/_next/static/chunks/node_modules_next_dist_1e8vcs8._.js:776
[  109788ms] [LOG] [Fast Refresh] done in 1653ms @ http://localhost:3000/_next/static/chunks/node_modules_next_dist_1e8vcs8._.js:776
[  109850ms] [LOG] [Fast Refresh] done in 1653ms @ http://localhost:3000/_next/static/chunks/node_modules_next_dist_1e8vcs8._.js:776
[  109911ms] [LOG] [Fast Refresh] done in 1653ms @ http://localhost:3000/_next/static/chunks/node_modules_next_dist_1e8vcs8._.js:776
[  109972ms] [LOG] [Fast Refresh] done in 1653ms @ http://localhost:3000/_next/static/chunks/node_modules_next_dist_1e8vcs8._.js:776
[  110034ms] [LOG] [Fast Refresh] done in 1653ms @ http://localhost:3000/_next/static/chunks/node_modules_next_dist_1e8vcs8._.js:776
[  110097ms] [LOG] [Fast Refresh] done in 1653ms @ http://localhost:3000/_next/static/chunks/node_modules_next_dist_1e8vcs8._.js:776
[  110159ms] [LOG] [Fast Refresh] done in 1653ms @ http://localhost:3000/_next/static/chunks/node_modules_next_dist_1e8vcs8._.js:776
[  110221ms] [LOG] [Fast Refresh] done in 1653ms @ http://localhost:3000/_next/static/chunks/node_modules_next_dist_1e8vcs8._.js:776
[  110283ms] [LOG] [Fast Refresh] done in 1653ms @ http://localhost:3000/_next/static/chunks/node_modules_next_dist_1e8vcs8._.js:776
[  110345ms] [LOG] [Fast Refresh] done in 1653ms @ http://localhost:3000/_next/static/chunks/node_modules_next_dist_1e8vcs8._.js:776
[  110407ms] [LOG] [Fast Refresh] done in 1653ms @ http://localhost:3000/_next/static/chunks/node_modules_next_dist_1e8vcs8._.js:776
[  110468ms] [LOG] [Fast Refresh] done in 1653ms @ http://localhost:3000/_next/static/chunks/node_modules_next_dist_1e8vcs8._.js:776
[  110532ms] [LOG] [Fast Refresh] done in 1653ms @ http://localhost:3000/_next/static/chunks/node_modules_next_dist_1e8vcs8._.js:776
[  110594ms] [LOG] [Fast Refresh] done in 1653ms @ http://localhost:3000/_next/static/chunks/node_modules_next_dist_1e8vcs8._.js:776
[  110655ms] [LOG] [Fast Refresh] done in 1653ms @ http://localhost:3000/_next/static/chunks/node_modules_next_dist_1e8vcs8._.js:776
[  110734ms] [LOG] [Fast Refresh] done in 1653ms @ http://localhost:3000/_next/static/chunks/node_modules_next_dist_1e8vcs8._.js:776
[  110796ms] [LOG] [Fast Refresh] done in 1653ms @ http://localhost:3000/_next/static/chunks/node_modules_next_dist_1e8vcs8._.js:776
[  110858ms] [LOG] [Fast Refresh] done in 1653ms @ http://localhost:3000/_next/static/chunks/node_modules_next_dist_1e8vcs8._.js:776
[  110920ms] [LOG] [Fast Refresh] done in 1653ms @ http://localhost:3000/_next/static/chunks/node_modules_next_dist_1e8vcs8._.js:776
[  110982ms] [LOG] [Fast Refresh] done in 1653ms @ http://localhost:3000/_next/static/chunks/node_modules_next_dist_1e8vcs8._.js:776
[  111045ms] [LOG] [Fast Refresh] done in 1653ms @ http://localhost:3000/_next/static/chunks/node_modules_next_dist_1e8vcs8._.js:776
[  111108ms] [LOG] [Fast Refresh] done in 1653ms @ http://localhost:3000/_next/static/chunks/node_modules_next_dist_1e8vcs8._.js:776
[  111167ms] [LOG] [Fast Refresh] done in 1653ms @ http://localhost:3000/_next/static/chunks/node_modules_next_dist_1e8vcs8._.js:776
[  111235ms] [LOG] [Fast Refresh] done in 1653ms @ http://localhost:3000/_next/static/chunks/node_modules_next_dist_1e8vcs8._.js:776
[  111298ms] [LOG] [Fast Refresh] done in 1653ms @ http://localhost:3000/_next/static/chunks/node_modules_next_dist_1e8vcs8._.js:776
[  111362ms] [LOG] [Fast Refresh] done in 1653ms @ http://localhost:3000/_next/static/chunks/node_modules_next_dist_1e8vcs8._.js:776
[  111423ms] [LOG] [Fast Refresh] done in 1653ms @ http://localhost:3000/_next/static/chunks/node_modules_next_dist_1e8vcs8._.js:776
[  111486ms] [LOG] [Fast Refresh] done in 1653ms @ http://localhost:3000/_next/static/chunks/node_modules_next_dist_1e8vcs8._.js:776
[  111549ms] [LOG] [Fast Refresh] done in 1653ms @ http://localhost:3000/_next/static/chunks/node_modules_next_dist_1e8vcs8._.js:776
[  111612ms] [LOG] [Fast Refresh] done in 1653ms @ http://localhost:3000/_next/static/chunks/node_modules_next_dist_1e8vcs8._.js:776
[  111674ms] [LOG] [Fast Refresh] done in 1653ms @ http://localhost:3000/_next/static/chunks/node_modules_next_dist_1e8vcs8._.js:776
[  111738ms] [LOG] [Fast Refresh] done in 1653ms @ http://localhost:3000/_next/static/chunks/node_modules_next_dist_1e8vcs8._.js:776
[  111798ms] [LOG] [Fast Refresh] done in 1653ms @ http://localhost:3000/_next/static/chunks/node_modules_next_dist_1e8vcs8._.js:776
[  111860ms] [LOG] [Fast Refresh] done in 1653ms @ http://localhost:3000/_next/static/chunks/node_modules_next_dist_1e8vcs8._.js:776
[  111921ms] [LOG] [Fast Refresh] done in 1653ms @ http://localhost:3000/_next/static/chunks/node_modules_next_dist_1e8vcs8._.js:776
[  111983ms] [LOG] [Fast Refresh] done in 1653ms @ http://localhost:3000/_next/static/chunks/node_modules_next_dist_1e8vcs8._.js:776
[  112047ms] [LOG] [Fast Refresh] done in 1653ms @ http://localhost:3000/_next/static/chunks/node_modules_next_dist_1e8vcs8._.js:776
[  112109ms] [LOG] [Fast Refresh] done in 1653ms @ http://localhost:3000/_next/static/chunks/node_modules_next_dist_1e8vcs8._.js:776
[  112172ms] [LOG] [Fast Refresh] done in 1653ms @ http://localhost:3000/_next/static/chunks/node_modules_next_dist_1e8vcs8._.js:776
[  112235ms] [LOG] [Fast Refresh] done in 1653ms @ http://localhost:3000/_next/static/chunks/node_modules_next_dist_1e8vcs8._.js:776
[  112297ms] [LOG] [Fast Refresh] done in 1653ms @ http://localhost:3000/_next/static/chunks/node_modules_next_dist_1e8vcs8._.js:776
[  112360ms] [LOG] [Fast Refresh] done in 1653ms @ http://localhost:3000/_next/static/chunks/node_modules_next_dist_1e8vcs8._.js:776
[  112421ms] [LOG] [Fast Refresh] done in 1653ms @ http://localhost:3000/_next/static/chunks/node_modules_next_dist_1e8vcs8._.js:776
[  112484ms] [LOG] [Fast Refresh] done in 1653ms @ http://localhost:3000/_next/static/chunks/node_modules_next_dist_1e8vcs8._.js:776
[  112546ms] [LOG] [Fast Refresh] done in 1653ms @ http://localhost:3000/_next/static/chunks/node_modules_next_dist_1e8vcs8._.js:776
[  112606ms] [LOG] [Fast Refresh] done in 1653ms @ http://localhost:3000/_next/static/chunks/node_modules_next_dist_1e8vcs8._.js:776
[  112668ms] [LOG] [Fast Refresh] done in 1653ms @ http://localhost:3000/_next/static/chunks/node_modules_next_dist_1e8vcs8._.js:776
[  112731ms] [LOG] [Fast Refresh] done in 1653ms @ http://localhost:3000/_next/static/chunks/node_modules_next_dist_1e8vcs8._.js:776
[  112794ms] [LOG] [Fast Refresh] done in 1653ms @ http://localhost:3000/_next/static/chunks/node_modules_next_dist_1e8vcs8._.js:776
[  112856ms] [LOG] [Fast Refresh] done in 1653ms @ http://localhost:3000/_next/static/chunks/node_modules_next_dist_1e8vcs8._.js:776
[  112917ms] [LOG] [Fast Refresh] done in 1653ms @ http://localhost:3000/_next/static/chunks/node_modules_next_dist_1e8vcs8._.js:776
[  112981ms] [LOG] [Fast Refresh] done in 1653ms @ http://localhost:3000/_next/static/chunks/node_modules_next_dist_1e8vcs8._.js:776
[  113042ms] [LOG] [Fast Refresh] done in 1653ms @ http://localhost:3000/_next/static/chunks/node_modules_next_dist_1e8vcs8._.js:776
[  113106ms] [LOG] [Fast Refresh] done in 1653ms @ http://localhost:3000/_next/static/chunks/node_modules_next_dist_1e8vcs8._.js:776
[  113168ms] [LOG] [Fast Refresh] done in 1653ms @ http://localhost:3000/_next/static/chunks/node_modules_next_dist_1e8vcs8._.js:776
[  113230ms] [LOG] [Fast Refresh] done in 1653ms @ http://localhost:3000/_next/static/chunks/node_modules_next_dist_1e8vcs8._.js:776
[  113292ms] [LOG] [Fast Refresh] done in 1653ms @ http://localhost:3000/_next/static/chunks/node_modules_next_dist_1e8vcs8._.js:776
[  113353ms] [LOG] [Fast Refresh] done in 1653ms @ http://localhost:3000/_next/static/chunks/node_modules_next_dist_1e8vcs8._.js:776
[  113494ms] [LOG] [Fast Refresh] done in 1653ms @ http://localhost:3000/_next/static/chunks/node_modules_next_dist_1e8vcs8._.js:776
[  113558ms] [LOG] [Fast Refresh] done in 1653ms @ http://localhost:3000/_next/static/chunks/node_modules_next_dist_1e8vcs8._.js:776
[  113619ms] [LOG] [Fast Refresh] done in 1653ms @ http://localhost:3000/_next/static/chunks/node_modules_next_dist_1e8vcs8._.js:776
[  113680ms] [LOG] [Fast Refresh] done in 1653ms @ http://localhost:3000/_next/static/chunks/node_modules_next_dist_1e8vcs8._.js:776
[  113743ms] [LOG] [Fast Refresh] done in 1653ms @ http://localhost:3000/_next/static/chunks/node_modules_next_dist_1e8vcs8._.js:776
[  113805ms] [LOG] [Fast Refresh] done in 1653ms @ http://localhost:3000/_next/static/chunks/node_modules_next_dist_1e8vcs8._.js:776
[  113867ms] [LOG] [Fast Refresh] done in 1653ms @ http://localhost:3000/_next/static/chunks/node_modules_next_dist_1e8vcs8._.js:776
[  113930ms] [LOG] [Fast Refresh] done in 1653ms @ http://localhost:3000/_next/static/chunks/node_modules_next_dist_1e8vcs8._.js:776
[  113992ms] [LOG] [Fast Refresh] done in 1653ms @ http://localhost:3000/_next/static/chunks/node_modules_next_dist_1e8vcs8._.js:776
[  114055ms] [LOG] [Fast Refresh] done in 1653ms @ http://localhost:3000/_next/static/chunks/node_modules_next_dist_1e8vcs8._.js:776
[  114116ms] [LOG] [Fast Refresh] done in 1653ms @ http://localhost:3000/_next/static/chunks/node_modules_next_dist_1e8vcs8._.js:776
[  114178ms] [LOG] [Fast Refresh] done in 1653ms @ http://localhost:3000/_next/static/chunks/node_modules_next_dist_1e8vcs8._.js:776
[  114241ms] [LOG] [Fast Refresh] done in 1653ms @ http://localhost:3000/_next/static/chunks/node_modules_next_dist_1e8vcs8._.js:776
[  114302ms] [LOG] [Fast Refresh] done in 1653ms @ http://localhost:3000/_next/static/chunks/node_modules_next_dist_1e8vcs8._.js:776
[  114365ms] [LOG] [Fast Refresh] done in 1653ms @ http://localhost:3000/_next/static/chunks/node_modules_next_dist_1e8vcs8._.js:776
[  114426ms] [LOG] [Fast Refresh] done in 1653ms @ http://localhost:3000/_next/static/chunks/node_modules_next_dist_1e8vcs8._.js:776
[  114488ms] [LOG] [Fast Refresh] done in 1653ms @ http://localhost:3000/_next/static/chunks/node_modules_next_dist_1e8vcs8._.js:776
[  114552ms] [LOG] [Fast Refresh] done in 1653ms @ http://localhost:3000/_next/static/chunks/node_modules_next_dist_1e8vcs8._.js:776
[  114614ms] [LOG] [Fast Refresh] done in 1653ms @ http://localhost:3000/_next/static/chunks/node_modules_next_dist_1e8vcs8._.js:776
[  114676ms] [LOG] [Fast Refresh] done in 1653ms @ http://localhost:3000/_next/static/chunks/node_modules_next_dist_1e8vcs8._.js:776
[  114739ms] [LOG] [Fast Refresh] done in 1653ms @ http://localhost:3000/_next/static/chunks/node_modules_next_dist_1e8vcs8._.js:776
[  114908ms] [LOG] [Fast Refresh] done in 1653ms @ http://localhost:3000/_next/static/chunks/node_modules_next_dist_1e8vcs8._.js:776
[  114971ms] [LOG] [Fast Refresh] done in 1653ms @ http://localhost:3000/_next/static/chunks/node_modules_next_dist_1e8vcs8._.js:776
[  115034ms] [LOG] [Fast Refresh] done in 1653ms @ http://localhost:3000/_next/static/chunks/node_modules_next_dist_1e8vcs8._.js:776
[  115097ms] [LOG] [Fast Refresh] done in 1653ms @ http://localhost:3000/_next/static/chunks/node_modules_next_dist_1e8vcs8._.js:776
[  115159ms] [LOG] [Fast Refresh] done in 1653ms @ http://localhost:3000/_next/static/chunks/node_modules_next_dist_1e8vcs8._.js:776
[  115221ms] [LOG] [Fast Refresh] done in 1653ms @ http://localhost:3000/_next/static/chunks/node_modules_next_dist_1e8vcs8._.js:776
[  115284ms] [LOG] [Fast Refresh] done in 1653ms @ http://localhost:3000/_next/static/chunks/node_modules_next_dist_1e8vcs8._.js:776
[  115345ms] [LOG] [Fast Refresh] done in 1653ms @ http://localhost:3000/_next/static/chunks/node_modules_next_dist_1e8vcs8._.js:776
[  115408ms] [LOG] [Fast Refresh] done in 1653ms @ http://localhost:3000/_next/static/chunks/node_modules_next_dist_1e8vcs8._.js:776
[  115469ms] [LOG] [Fast Refresh] done in 1653ms @ http://localhost:3000/_next/static/chunks/node_modules_next_dist_1e8vcs8._.js:776
[  115533ms] [LOG] [Fast Refresh] done in 1653ms @ http://localhost:3000/_next/static/chunks/node_modules_next_dist_1e8vcs8._.js:776
[  115594ms] [LOG] [Fast Refresh] done in 1653ms @ http://localhost:3000/_next/static/chunks/node_modules_next_dist_1e8vcs8._.js:776
[  115657ms] [LOG] [Fast Refresh] done in 1653ms @ http://localhost:3000/_next/static/chunks/node_modules_next_dist_1e8vcs8._.js:776
[  115748ms] [LOG] [Fast Refresh] done in 1653ms @ http://localhost:3000/_next/static/chunks/node_modules_next_dist_1e8vcs8._.js:776
[  115815ms] [LOG] [Fast Refresh] done in 1653ms @ http://localhost:3000/_next/static/chunks/node_modules_next_dist_1e8vcs8._.js:776
[  115876ms] [LOG] [Fast Refresh] done in 1653ms @ http://localhost:3000/_next/static/chunks/node_modules_next_dist_1e8vcs8._.js:776
[  115937ms] [LOG] [Fast Refresh] done in 1653ms @ http://localhost:3000/_next/static/chunks/node_modules_next_dist_1e8vcs8._.js:776
[  115999ms] [LOG] [Fast Refresh] done in 1653ms @ http://localhost:3000/_next/static/chunks/node_modules_next_dist_1e8vcs8._.js:776
[  116062ms] [LOG] [Fast Refresh] done in 1653ms @ http://localhost:3000/_next/static/chunks/node_modules_next_dist_1e8vcs8._.js:776
[  116158ms] [LOG] [Fast Refresh] done in 1653ms @ http://localhost:3000/_next/static/chunks/node_modules_next_dist_1e8vcs8._.js:776
[  116219ms] [LOG] [Fast Refresh] done in 1653ms @ http://localhost:3000/_next/static/chunks/node_modules_next_dist_1e8vcs8._.js:776
[  116281ms] [LOG] [Fast Refresh] done in 1653ms @ http://localhost:3000/_next/static/chunks/node_modules_next_dist_1e8vcs8._.js:776
[  116343ms] [LOG] [Fast Refresh] done in 1653ms @ http://localhost:3000/_next/static/chunks/node_modules_next_dist_1e8vcs8._.js:776
[  116406ms] [LOG] [Fast Refresh] done in 1653ms @ http://localhost:3000/_next/static/chunks/node_modules_next_dist_1e8vcs8._.js:776
[  116468ms] [LOG] [Fast Refresh] done in 1653ms @ http://localhost:3000/_next/static/chunks/node_modules_next_dist_1e8vcs8._.js:776
[  116530ms] [LOG] [Fast Refresh] done in 1653ms @ http://localhost:3000/_next/static/chunks/node_modules_next_dist_1e8vcs8._.js:776
[  116594ms] [LOG] [Fast Refresh] done in 1653ms @ http://localhost:3000/_next/static/chunks/node_modules_next_dist_1e8vcs8._.js:776
[  116657ms] [LOG] [Fast Refresh] done in 1653ms @ http://localhost:3000/_next/static/chunks/node_modules_next_dist_1e8vcs8._.js:776
[  116719ms] [LOG] [Fast Refresh] done in 1653ms @ http://localhost:3000/_next/static/chunks/node_modules_next_dist_1e8vcs8._.js:776
[  116782ms] [LOG] [Fast Refresh] done in 1653ms @ http://localhost:3000/_next/static/chunks/node_modules_next_dist_1e8vcs8._.js:776
[  116845ms] [LOG] [Fast Refresh] done in 1653ms @ http://localhost:3000/_next/static/chunks/node_modules_next_dist_1e8vcs8._.js:776
[  116907ms] [LOG] [Fast Refresh] done in 1653ms @ http://localhost:3000/_next/static/chunks/node_modules_next_dist_1e8vcs8._.js:776
[  116968ms] [LOG] [Fast Refresh] done in 1653ms @ http://localhost:3000/_next/static/chunks/node_modules_next_dist_1e8vcs8._.js:776
[  117031ms] [LOG] [Fast Refresh] done in 1653ms @ http://localhost:3000/_next/static/chunks/node_modules_next_dist_1e8vcs8._.js:776
[  117093ms] [LOG] [Fast Refresh] done in 1653ms @ http://localhost:3000/_next/static/chunks/node_modules_next_dist_1e8vcs8._.js:776
[  117155ms] [LOG] [Fast Refresh] done in 1653ms @ http://localhost:3000/_next/static/chunks/node_modules_next_dist_1e8vcs8._.js:776
[  117217ms] [LOG] [Fast Refresh] done in 1653ms @ http://localhost:3000/_next/static/chunks/node_modules_next_dist_1e8vcs8._.js:776
[  117279ms] [LOG] [Fast Refresh] done in 1653ms @ http://localhost:3000/_next/static/chunks/node_modules_next_dist_1e8vcs8._.js:776
[  117356ms] [LOG] [Fast Refresh] done in 1653ms @ http://localhost:3000/_next/static/chunks/node_modules_next_dist_1e8vcs8._.js:776
[  117419ms] [LOG] [Fast Refresh] done in 1653ms @ http://localhost:3000/_next/static/chunks/node_modules_next_dist_1e8vcs8._.js:776
[  117481ms] [LOG] [Fast Refresh] done in 1653ms @ http://localhost:3000/_next/static/chunks/node_modules_next_dist_1e8vcs8._.js:776
[  117542ms] [LOG] [Fast Refresh] done in 1653ms @ http://localhost:3000/_next/static/chunks/node_modules_next_dist_1e8vcs8._.js:776
[  117603ms] [LOG] [Fast Refresh] done in 1653ms @ http://localhost:3000/_next/static/chunks/node_modules_next_dist_1e8vcs8._.js:776
[  117670ms] [LOG] [Fast Refresh] done in 1653ms @ http://localhost:3000/_next/static/chunks/node_modules_next_dist_1e8vcs8._.js:776
[  117730ms] [LOG] [Fast Refresh] done in 1653ms @ http://localhost:3000/_next/static/chunks/node_modules_next_dist_1e8vcs8._.js:776
[  117793ms] [LOG] [Fast Refresh] done in 1653ms @ http://localhost:3000/_next/static/chunks/node_modules_next_dist_1e8vcs8._.js:776
[  117854ms] [LOG] [Fast Refresh] done in 1653ms @ http://localhost:3000/_next/static/chunks/node_modules_next_dist_1e8vcs8._.js:776
[  117916ms] [LOG] [Fast Refresh] done in 1653ms @ http://localhost:3000/_next/static/chunks/node_modules_next_dist_1e8vcs8._.js:776
[  117978ms] [LOG] [Fast Refresh] done in 1653ms @ http://localhost:3000/_next/static/chunks/node_modules_next_dist_1e8vcs8._.js:776
[  118041ms] [LOG] [Fast Refresh] done in 1653ms @ http://localhost:3000/_next/static/chunks/node_modules_next_dist_1e8vcs8._.js:776
[  118102ms] [LOG] [Fast Refresh] done in 1653ms @ http://localhost:3000/_next/static/chunks/node_modules_next_dist_1e8vcs8._.js:776
[  118164ms] [LOG] [Fast Refresh] done in 1653ms @ http://localhost:3000/_next/static/chunks/node_modules_next_dist_1e8vcs8._.js:776
[  118226ms] [LOG] [Fast Refresh] done in 1653ms @ http://localhost:3000/_next/static/chunks/node_modules_next_dist_1e8vcs8._.js:776
[  118289ms] [LOG] [Fast Refresh] done in 1653ms @ http://localhost:3000/_next/static/chunks/node_modules_next_dist_1e8vcs8._.js:776
[  118350ms] [LOG] [Fast Refresh] done in 1653ms @ http://localhost:3000/_next/static/chunks/node_modules_next_dist_1e8vcs8._.js:776
[  118413ms] [LOG] [Fast Refresh] done in 1653ms @ http://localhost:3000/_next/static/chunks/node_modules_next_dist_1e8vcs8._.js:776
[  118475ms] [LOG] [Fast Refresh] done in 1653ms @ http://localhost:3000/_next/static/chunks/node_modules_next_dist_1e8vcs8._.js:776
[  118538ms] [LOG] [Fast Refresh] done in 1653ms @ http://localhost:3000/_next/static/chunks/node_modules_next_dist_1e8vcs8._.js:776
[  118601ms] [LOG] [Fast Refresh] done in 1653ms @ http://localhost:3000/_next/static/chunks/node_modules_next_dist_1e8vcs8._.js:776
[  118662ms] [LOG] [Fast Refresh] done in 1653ms @ http://localhost:3000/_next/static/chunks/node_modules_next_dist_1e8vcs8._.js:776
[  118725ms] [LOG] [Fast Refresh] done in 1653ms @ http://localhost:3000/_next/static/chunks/node_modules_next_dist_1e8vcs8._.js:776
[  118787ms] [LOG] [Fast Refresh] done in 1653ms @ http://localhost:3000/_next/static/chunks/node_modules_next_dist_1e8vcs8._.js:776
[  118849ms] [LOG] [Fast Refresh] done in 1653ms @ http://localhost:3000/_next/static/chunks/node_modules_next_dist_1e8vcs8._.js:776
[  118912ms] [LOG] [Fast Refresh] done in 1653ms @ http://localhost:3000/_next/static/chunks/node_modules_next_dist_1e8vcs8._.js:776
[  118974ms] [LOG] [Fast Refresh] done in 1653ms @ http://localhost:3000/_next/static/chunks/node_modules_next_dist_1e8vcs8._.js:776
[  119037ms] [LOG] [Fast Refresh] done in 1653ms @ http://localhost:3000/_next/static/chunks/node_modules_next_dist_1e8vcs8._.js:776
[  119099ms] [LOG] [Fast Refresh] done in 1653ms @ http://localhost:3000/_next/static/chunks/node_modules_next_dist_1e8vcs8._.js:776
[  119161ms] [LOG] [Fast Refresh] done in 1653ms @ http://localhost:3000/_next/static/chunks/node_modules_next_dist_1e8vcs8._.js:776
[  119222ms] [LOG] [Fast Refresh] done in 1653ms @ http://localhost:3000/_next/static/chunks/node_modules_next_dist_1e8vcs8._.js:776
[  119286ms] [LOG] [Fast Refresh] done in 1653ms @ http://localhost:3000/_next/static/chunks/node_modules_next_dist_1e8vcs8._.js:776
[  119348ms] [LOG] [Fast Refresh] done in 1653ms @ http://localhost:3000/_next/static/chunks/node_modules_next_dist_1e8vcs8._.js:776
[  119411ms] [LOG] [Fast Refresh] done in 1653ms @ http://localhost:3000/_next/static/chunks/node_modules_next_dist_1e8vcs8._.js:776
[  119474ms] [LOG] [Fast Refresh] done in 1653ms @ http://localhost:3000/_next/static/chunks/node_modules_next_dist_1e8vcs8._.js:776
[  119536ms] [LOG] [Fast Refresh] done in 1653ms @ http://localhost:3000/_next/static/chunks/node_modules_next_dist_1e8vcs8._.js:776
[  119600ms] [LOG] [Fast Refresh] done in 1653ms @ http://localhost:3000/_next/static/chunks/node_modules_next_dist_1e8vcs8._.js:776
[  119660ms] [LOG] [Fast Refresh] done in 1653ms @ http://localhost:3000/_next/static/chunks/node_modules_next_dist_1e8vcs8._.js:776
[  119723ms] [LOG] [Fast Refresh] done in 1653ms @ http://localhost:3000/_next/static/chunks/node_modules_next_dist_1e8vcs8._.js:776
[  119784ms] [LOG] [Fast Refresh] done in 1653ms @ http://localhost:3000/_next/static/chunks/node_modules_next_dist_1e8vcs8._.js:776
[  119846ms] [LOG] [Fast Refresh] done in 1653ms @ http://localhost:3000/_next/static/chunks/node_modules_next_dist_1e8vcs8._.js:776
[  119908ms] [LOG] [Fast Refresh] done in 1653ms @ http://localhost:3000/_next/static/chunks/node_modules_next_dist_1e8vcs8._.js:776
[  119971ms] [LOG] [Fast Refresh] done in 1653ms @ http://localhost:3000/_next/static/chunks/node_modules_next_dist_1e8vcs8._.js:776
[  120032ms] [LOG] [Fast Refresh] done in 1653ms @ http://localhost:3000/_next/static/chunks/node_modules_next_dist_1e8vcs8._.js:776
[  120096ms] [LOG] [Fast Refresh] done in 1653ms @ http://localhost:3000/_next/static/chunks/node_modules_next_dist_1e8vcs8._.js:776
[  120158ms] [LOG] [Fast Refresh] done in 1653ms @ http://localhost:3000/_next/static/chunks/node_modules_next_dist_1e8vcs8._.js:776
[  120220ms] [LOG] [Fast Refresh] done in 1653ms @ http://localhost:3000/_next/static/chunks/node_modules_next_dist_1e8vcs8._.js:776
[  120283ms] [LOG] [Fast Refresh] done in 1653ms @ http://localhost:3000/_next/static/chunks/node_modules_next_dist_1e8vcs8._.js:776
[  120345ms] [LOG] [Fast Refresh] done in 1653ms @ http://localhost:3000/_next/static/chunks/node_modules_next_dist_1e8vcs8._.js:776
[  120407ms] [LOG] [Fast Refresh] done in 1653ms @ http://localhost:3000/_next/static/chunks/node_modules_next_dist_1e8vcs8._.js:776
[  120471ms] [LOG] [Fast Refresh] done in 1653ms @ http://localhost:3000/_next/static/chunks/node_modules_next_dist_1e8vcs8._.js:776
[  120533ms] [LOG] [Fast Refresh] done in 1653ms @ http://localhost:3000/_next/static/chunks/node_modules_next_dist_1e8vcs8._.js:776
[  120596ms] [LOG] [Fast Refresh] done in 1653ms @ http://localhost:3000/_next/static/chunks/node_modules_next_dist_1e8vcs8._.js:776
[  120659ms] [LOG] [Fast Refresh] done in 1653ms @ http://localhost:3000/_next/static/chunks/node_modules_next_dist_1e8vcs8._.js:776
[  120722ms] [LOG] [Fast Refresh] done in 1653ms @ http://localhost:3000/_next/static/chunks/node_modules_next_dist_1e8vcs8._.js:776
[  120784ms] [LOG] [Fast Refresh] done in 1653ms @ http://localhost:3000/_next/static/chunks/node_modules_next_dist_1e8vcs8._.js:776
[  120846ms] [LOG] [Fast Refresh] done in 1653ms @ http://localhost:3000/_next/static/chunks/node_modules_next_dist_1e8vcs8._.js:776
[  120907ms] [LOG] [Fast Refresh] done in 1653ms @ http://localhost:3000/_next/static/chunks/node_modules_next_dist_1e8vcs8._.js:776
[  120970ms] [LOG] [Fast Refresh] done in 1653ms @ http://localhost:3000/_next/static/chunks/node_modules_next_dist_1e8vcs8._.js:776
[  121033ms] [LOG] [Fast Refresh] done in 1653ms @ http://localhost:3000/_next/static/chunks/node_modules_next_dist_1e8vcs8._.js:776
[  121096ms] [LOG] [Fast Refresh] done in 1653ms @ http://localhost:3000/_next/static/chunks/node_modules_next_dist_1e8vcs8._.js:776
[  121158ms] [LOG] [Fast Refresh] done in 1653ms @ http://localhost:3000/_next/static/chunks/node_modules_next_dist_1e8vcs8._.js:776
[  121222ms] [LOG] [Fast Refresh] done in 1653ms @ http://localhost:3000/_next/static/chunks/node_modules_next_dist_1e8vcs8._.js:776
[  121285ms] [LOG] [Fast Refresh] done in 1653ms @ http://localhost:3000/_next/static/chunks/node_modules_next_dist_1e8vcs8._.js:776
[  121347ms] [LOG] [Fast Refresh] done in 1653ms @ http://localhost:3000/_next/static/chunks/node_modules_next_dist_1e8vcs8._.js:776
[  121409ms] [LOG] [Fast Refresh] done in 1653ms @ http://localhost:3000/_next/static/chunks/node_modules_next_dist_1e8vcs8._.js:776
[  121471ms] [LOG] [Fast Refresh] done in 1653ms @ http://localhost:3000/_next/static/chunks/node_modules_next_dist_1e8vcs8._.js:776
[  121534ms] [LOG] [Fast Refresh] done in 1653ms @ http://localhost:3000/_next/static/chunks/node_modules_next_dist_1e8vcs8._.js:776
[  121597ms] [LOG] [Fast Refresh] done in 1653ms @ http://localhost:3000/_next/static/chunks/node_modules_next_dist_1e8vcs8._.js:776
[  121660ms] [LOG] [Fast Refresh] done in 1653ms @ http://localhost:3000/_next/static/chunks/node_modules_next_dist_1e8vcs8._.js:776
[  121723ms] [LOG] [Fast Refresh] done in 1653ms @ http://localhost:3000/_next/static/chunks/node_modules_next_dist_1e8vcs8._.js:776
[  121785ms] [LOG] [Fast Refresh] done in 1653ms @ http://localhost:3000/_next/static/chunks/node_modules_next_dist_1e8vcs8._.js:776
[  121849ms] [LOG] [Fast Refresh] done in 1653ms @ http://localhost:3000/_next/static/chunks/node_modules_next_dist_1e8vcs8._.js:776
[  121912ms] [LOG] [Fast Refresh] done in 1653ms @ http://localhost:3000/_next/static/chunks/node_modules_next_dist_1e8vcs8._.js:776
[  121973ms] [LOG] [Fast Refresh] done in 1653ms @ http://localhost:3000/_next/static/chunks/node_modules_next_dist_1e8vcs8._.js:776
[  122036ms] [LOG] [Fast Refresh] done in 1653ms @ http://localhost:3000/_next/static/chunks/node_modules_next_dist_1e8vcs8._.js:776
[  122097ms] [LOG] [Fast Refresh] done in 1653ms @ http://localhost:3000/_next/static/chunks/node_modules_next_dist_1e8vcs8._.js:776
[  122160ms] [LOG] [Fast Refresh] done in 1653ms @ http://localhost:3000/_next/static/chunks/node_modules_next_dist_1e8vcs8._.js:776
[  122223ms] [LOG] [Fast Refresh] done in 1653ms @ http://localhost:3000/_next/static/chunks/node_modules_next_dist_1e8vcs8._.js:776
[  122287ms] [LOG] [Fast Refresh] done in 1653ms @ http://localhost:3000/_next/static/chunks/node_modules_next_dist_1e8vcs8._.js:776
[  122350ms] [LOG] [Fast Refresh] done in 1653ms @ http://localhost:3000/_next/static/chunks/node_modules_next_dist_1e8vcs8._.js:776
[  122412ms] [LOG] [Fast Refresh] done in 1653ms @ http://localhost:3000/_next/static/chunks/node_modules_next_dist_1e8vcs8._.js:776
[  122476ms] [LOG] [Fast Refresh] done in 1653ms @ http://localhost:3000/_next/static/chunks/node_modules_next_dist_1e8vcs8._.js:776
[  122537ms] [LOG] [Fast Refresh] done in 1653ms @ http://localhost:3000/_next/static/chunks/node_modules_next_dist_1e8vcs8._.js:776
[  122600ms] [LOG] [Fast Refresh] done in 1653ms @ http://localhost:3000/_next/static/chunks/node_modules_next_dist_1e8vcs8._.js:776
[  122663ms] [LOG] [Fast Refresh] done in 1653ms @ http://localhost:3000/_next/static/chunks/node_modules_next_dist_1e8vcs8._.js:776
[  122726ms] [LOG] [Fast Refresh] done in 1653ms @ http://localhost:3000/_next/static/chunks/node_modules_next_dist_1e8vcs8._.js:776
[  122788ms] [LOG] [Fast Refresh] done in 1653ms @ http://localhost:3000/_next/static/chunks/node_modules_next_dist_1e8vcs8._.js:776
[  122851ms] [LOG] [Fast Refresh] done in 1653ms @ http://localhost:3000/_next/static/chunks/node_modules_next_dist_1e8vcs8._.js:776
[  122911ms] [LOG] [Fast Refresh] done in 1653ms @ http://localhost:3000/_next/static/chunks/node_modules_next_dist_1e8vcs8._.js:776
[  123036ms] [LOG] [Fast Refresh] done in 1653ms @ http://localhost:3000/_next/static/chunks/node_modules_next_dist_1e8vcs8._.js:776
[  123099ms] [LOG] [Fast Refresh] done in 1653ms @ http://localhost:3000/_next/static/chunks/node_modules_next_dist_1e8vcs8._.js:776
[  123162ms] [LOG] [Fast Refresh] done in 1653ms @ http://localhost:3000/_next/static/chunks/node_modules_next_dist_1e8vcs8._.js:776
[  123224ms] [LOG] [Fast Refresh] done in 1653ms @ http://localhost:3000/_next/static/chunks/node_modules_next_dist_1e8vcs8._.js:776
[  123286ms] [LOG] [Fast Refresh] done in 1653ms @ http://localhost:3000/_next/static/chunks/node_modules_next_dist_1e8vcs8._.js:776
[  123348ms] [LOG] [Fast Refresh] done in 1653ms @ http://localhost:3000/_next/static/chunks/node_modules_next_dist_1e8vcs8._.js:776
[  123400ms] [LOG] [Fast Refresh] done in 1653ms @ http://localhost:3000/_next/static/chunks/node_modules_next_dist_1e8vcs8._.js:776
[  123448ms] [LOG] [Fast Refresh] done in 1653ms @ http://localhost:3000/_next/static/chunks/node_modules_next_dist_1e8vcs8._.js:776
[  123506ms] [LOG] [Fast Refresh] done in 1653ms @ http://localhost:3000/_next/static/chunks/node_modules_next_dist_1e8vcs8._.js:776
[  123568ms] [LOG] [Fast Refresh] done in 1653ms @ http://localhost:3000/_next/static/chunks/node_modules_next_dist_1e8vcs8._.js:776
[  123631ms] [LOG] [Fast Refresh] done in 1653ms @ http://localhost:3000/_next/static/chunks/node_modules_next_dist_1e8vcs8._.js:776
[  123693ms] [LOG] [Fast Refresh] done in 1653ms @ http://localhost:3000/_next/static/chunks/node_modules_next_dist_1e8vcs8._.js:776
[  123756ms] [LOG] [Fast Refresh] done in 1653ms @ http://localhost:3000/_next/static/chunks/node_modules_next_dist_1e8vcs8._.js:776
[  123818ms] [LOG] [Fast Refresh] done in 1653ms @ http://localhost:3000/_next/static/chunks/node_modules_next_dist_1e8vcs8._.js:776
[  123879ms] [LOG] [Fast Refresh] done in 1653ms @ http://localhost:3000/_next/static/chunks/node_modules_next_dist_1e8vcs8._.js:776
[  123941ms] [LOG] [Fast Refresh] done in 1653ms @ http://localhost:3000/_next/static/chunks/node_modules_next_dist_1e8vcs8._.js:776
[  124004ms] [LOG] [Fast Refresh] done in 1653ms @ http://localhost:3000/_next/static/chunks/node_modules_next_dist_1e8vcs8._.js:776
[  124067ms] [LOG] [Fast Refresh] done in 1653ms @ http://localhost:3000/_next/static/chunks/node_modules_next_dist_1e8vcs8._.js:776
[  124130ms] [LOG] [Fast Refresh] done in 1653ms @ http://localhost:3000/_next/static/chunks/node_modules_next_dist_1e8vcs8._.js:776
[  124192ms] [LOG] [Fast Refresh] done in 1653ms @ http://localhost:3000/_next/static/chunks/node_modules_next_dist_1e8vcs8._.js:776
[  124254ms] [LOG] [Fast Refresh] done in 1653ms @ http://localhost:3000/_next/static/chunks/node_modules_next_dist_1e8vcs8._.js:776
[  124334ms] [LOG] [Fast Refresh] done in 1653ms @ http://localhost:3000/_next/static/chunks/node_modules_next_dist_1e8vcs8._.js:776
[  124395ms] [LOG] [Fast Refresh] done in 1653ms @ http://localhost:3000/_next/static/chunks/node_modules_next_dist_1e8vcs8._.js:776
[  124457ms] [LOG] [Fast Refresh] done in 1653ms @ http://localhost:3000/_next/static/chunks/node_modules_next_dist_1e8vcs8._.js:776
[  124519ms] [LOG] [Fast Refresh] done in 1653ms @ http://localhost:3000/_next/static/chunks/node_modules_next_dist_1e8vcs8._.js:776
[  124582ms] [LOG] [Fast Refresh] done in 1653ms @ http://localhost:3000/_next/static/chunks/node_modules_next_dist_1e8vcs8._.js:776
[  124644ms] [LOG] [Fast Refresh] done in 1653ms @ http://localhost:3000/_next/static/chunks/node_modules_next_dist_1e8vcs8._.js:776
[  124706ms] [LOG] [Fast Refresh] done in 1653ms @ http://localhost:3000/_next/static/chunks/node_modules_next_dist_1e8vcs8._.js:776
[  124767ms] [LOG] [Fast Refresh] done in 1653ms @ http://localhost:3000/_next/static/chunks/node_modules_next_dist_1e8vcs8._.js:776
[  124830ms] [LOG] [Fast Refresh] done in 1653ms @ http://localhost:3000/_next/static/chunks/node_modules_next_dist_1e8vcs8._.js:776
[  124891ms] [LOG] [Fast Refresh] done in 1653ms @ http://localhost:3000/_next/static/chunks/node_modules_next_dist_1e8vcs8._.js:776
[  124954ms] [LOG] [Fast Refresh] done in 1653ms @ http://localhost:3000/_next/static/chunks/node_modules_next_dist_1e8vcs8._.js:776
[  125017ms] [LOG] [Fast Refresh] done in 1653ms @ http://localhost:3000/_next/static/chunks/node_modules_next_dist_1e8vcs8._.js:776
[  125079ms] [LOG] [Fast Refresh] done in 1653ms @ http://localhost:3000/_next/static/chunks/node_modules_next_dist_1e8vcs8._.js:776
[  125140ms] [LOG] [Fast Refresh] done in 1653ms @ http://localhost:3000/_next/static/chunks/node_modules_next_dist_1e8vcs8._.js:776
[  125201ms] [LOG] [Fast Refresh] done in 1653ms @ http://localhost:3000/_next/static/chunks/node_modules_next_dist_1e8vcs8._.js:776
[  125263ms] [LOG] [Fast Refresh] done in 1653ms @ http://localhost:3000/_next/static/chunks/node_modules_next_dist_1e8vcs8._.js:776
[  125324ms] [LOG] [Fast Refresh] done in 1653ms @ http://localhost:3000/_next/static/chunks/node_modules_next_dist_1e8vcs8._.js:776
[  125386ms] [LOG] [Fast Refresh] done in 1653ms @ http://localhost:3000/_next/static/chunks/node_modules_next_dist_1e8vcs8._.js:776
[  125449ms] [LOG] [Fast Refresh] done in 1653ms @ http://localhost:3000/_next/static/chunks/node_modules_next_dist_1e8vcs8._.js:776
[  125511ms] [LOG] [Fast Refresh] done in 1653ms @ http://localhost:3000/_next/static/chunks/node_modules_next_dist_1e8vcs8._.js:776
[  125573ms] [LOG] [Fast Refresh] done in 1653ms @ http://localhost:3000/_next/static/chunks/node_modules_next_dist_1e8vcs8._.js:776
[  125636ms] [LOG] [Fast Refresh] done in 1653ms @ http://localhost:3000/_next/static/chunks/node_modules_next_dist_1e8vcs8._.js:776
[  125697ms] [LOG] [Fast Refresh] done in 1653ms @ http://localhost:3000/_next/static/chunks/node_modules_next_dist_1e8vcs8._.js:776
[  125760ms] [LOG] [Fast Refresh] done in 1653ms @ http://localhost:3000/_next/static/chunks/node_modules_next_dist_1e8vcs8._.js:776
[  125822ms] [LOG] [Fast Refresh] done in 1653ms @ http://localhost:3000/_next/static/chunks/node_modules_next_dist_1e8vcs8._.js:776
[  125884ms] [LOG] [Fast Refresh] done in 1653ms @ http://localhost:3000/_next/static/chunks/node_modules_next_dist_1e8vcs8._.js:776
[  125946ms] [LOG] [Fast Refresh] done in 1653ms @ http://localhost:3000/_next/static/chunks/node_modules_next_dist_1e8vcs8._.js:776
[  126008ms] [LOG] [Fast Refresh] done in 1653ms @ http://localhost:3000/_next/static/chunks/node_modules_next_dist_1e8vcs8._.js:776
[  126071ms] [LOG] [Fast Refresh] done in 1653ms @ http://localhost:3000/_next/static/chunks/node_modules_next_dist_1e8vcs8._.js:776
[  126133ms] [LOG] [Fast Refresh] done in 1653ms @ http://localhost:3000/_next/static/chunks/node_modules_next_dist_1e8vcs8._.js:776
[  126196ms] [LOG] [Fast Refresh] done in 1653ms @ http://localhost:3000/_next/static/chunks/node_modules_next_dist_1e8vcs8._.js:776
[  126259ms] [LOG] [Fast Refresh] done in 1653ms @ http://localhost:3000/_next/static/chunks/node_modules_next_dist_1e8vcs8._.js:776
[  126322ms] [LOG] [Fast Refresh] done in 1653ms @ http://localhost:3000/_next/static/chunks/node_modules_next_dist_1e8vcs8._.js:776
[  126385ms] [LOG] [Fast Refresh] done in 1653ms @ http://localhost:3000/_next/static/chunks/node_modules_next_dist_1e8vcs8._.js:776
[  126450ms] [LOG] [Fast Refresh] done in 1653ms @ http://localhost:3000/_next/static/chunks/node_modules_next_dist_1e8vcs8._.js:776
[  126511ms] [LOG] [Fast Refresh] done in 1653ms @ http://localhost:3000/_next/static/chunks/node_modules_next_dist_1e8vcs8._.js:776
[  126573ms] [LOG] [Fast Refresh] done in 1653ms @ http://localhost:3000/_next/static/chunks/node_modules_next_dist_1e8vcs8._.js:776
[  126634ms] [LOG] [Fast Refresh] done in 1653ms @ http://localhost:3000/_next/static/chunks/node_modules_next_dist_1e8vcs8._.js:776
[  126698ms] [LOG] [Fast Refresh] done in 1653ms @ http://localhost:3000/_next/static/chunks/node_modules_next_dist_1e8vcs8._.js:776
[  126759ms] [LOG] [Fast Refresh] done in 1653ms @ http://localhost:3000/_next/static/chunks/node_modules_next_dist_1e8vcs8._.js:776
[  126822ms] [LOG] [Fast Refresh] done in 1653ms @ http://localhost:3000/_next/static/chunks/node_modules_next_dist_1e8vcs8._.js:776
[  126885ms] [LOG] [Fast Refresh] done in 1653ms @ http://localhost:3000/_next/static/chunks/node_modules_next_dist_1e8vcs8._.js:776
[  126948ms] [LOG] [Fast Refresh] done in 1653ms @ http://localhost:3000/_next/static/chunks/node_modules_next_dist_1e8vcs8._.js:776
[  127008ms] [LOG] [Fast Refresh] done in 1653ms @ http://localhost:3000/_next/static/chunks/node_modules_next_dist_1e8vcs8._.js:776
[  127070ms] [LOG] [Fast Refresh] done in 1653ms @ http://localhost:3000/_next/static/chunks/node_modules_next_dist_1e8vcs8._.js:776
[  127132ms] [LOG] [Fast Refresh] done in 1653ms @ http://localhost:3000/_next/static/chunks/node_modules_next_dist_1e8vcs8._.js:776
[  127195ms] [LOG] [Fast Refresh] done in 1653ms @ http://localhost:3000/_next/static/chunks/node_modules_next_dist_1e8vcs8._.js:776
[  127258ms] [LOG] [Fast Refresh] done in 1653ms @ http://localhost:3000/_next/static/chunks/node_modules_next_dist_1e8vcs8._.js:776
[  127321ms] [LOG] [Fast Refresh] done in 1653ms @ http://localhost:3000/_next/static/chunks/node_modules_next_dist_1e8vcs8._.js:776
[  127383ms] [LOG] [Fast Refresh] done in 1653ms @ http://localhost:3000/_next/static/chunks/node_modules_next_dist_1e8vcs8._.js:776
[  127446ms] [LOG] [Fast Refresh] done in 1653ms @ http://localhost:3000/_next/static/chunks/node_modules_next_dist_1e8vcs8._.js:776
[  127507ms] [LOG] [Fast Refresh] done in 1653ms @ http://localhost:3000/_next/static/chunks/node_modules_next_dist_1e8vcs8._.js:776
[  127569ms] [LOG] [Fast Refresh] done in 1653ms @ http://localhost:3000/_next/static/chunks/node_modules_next_dist_1e8vcs8._.js:776
[  127632ms] [LOG] [Fast Refresh] done in 1653ms @ http://localhost:3000/_next/static/chunks/node_modules_next_dist_1e8vcs8._.js:776
[  127694ms] [LOG] [Fast Refresh] done in 1653ms @ http://localhost:3000/_next/static/chunks/node_modules_next_dist_1e8vcs8._.js:776
[  127758ms] [LOG] [Fast Refresh] done in 1653ms @ http://localhost:3000/_next/static/chunks/node_modules_next_dist_1e8vcs8._.js:776
[  127819ms] [LOG] [Fast Refresh] done in 1653ms @ http://localhost:3000/_next/static/chunks/node_modules_next_dist_1e8vcs8._.js:776
[  127882ms] [LOG] [Fast Refresh] done in 1653ms @ http://localhost:3000/_next/static/chunks/node_modules_next_dist_1e8vcs8._.js:776
[  127945ms] [LOG] [Fast Refresh] done in 1653ms @ http://localhost:3000/_next/static/chunks/node_modules_next_dist_1e8vcs8._.js:776
[  128008ms] [LOG] [Fast Refresh] done in 1653ms @ http://localhost:3000/_next/static/chunks/node_modules_next_dist_1e8vcs8._.js:776
[  128070ms] [LOG] [Fast Refresh] done in 1653ms @ http://localhost:3000/_next/static/chunks/node_modules_next_dist_1e8vcs8._.js:776
[  128132ms] [LOG] [Fast Refresh] done in 1653ms @ http://localhost:3000/_next/static/chunks/node_modules_next_dist_1e8vcs8._.js:776
[  128195ms] [LOG] [Fast Refresh] done in 1653ms @ http://localhost:3000/_next/static/chunks/node_modules_next_dist_1e8vcs8._.js:776
[  128258ms] [LOG] [Fast Refresh] done in 1653ms @ http://localhost:3000/_next/static/chunks/node_modules_next_dist_1e8vcs8._.js:776
[  128319ms] [LOG] [Fast Refresh] done in 1653ms @ http://localhost:3000/_next/static/chunks/node_modules_next_dist_1e8vcs8._.js:776
[  128383ms] [LOG] [Fast Refresh] done in 1653ms @ http://localhost:3000/_next/static/chunks/node_modules_next_dist_1e8vcs8._.js:776
[  128445ms] [LOG] [Fast Refresh] done in 1653ms @ http://localhost:3000/_next/static/chunks/node_modules_next_dist_1e8vcs8._.js:776
[  128506ms] [LOG] [Fast Refresh] done in 1653ms @ http://localhost:3000/_next/static/chunks/node_modules_next_dist_1e8vcs8._.js:776
[  128568ms] [LOG] [Fast Refresh] done in 1653ms @ http://localhost:3000/_next/static/chunks/node_modules_next_dist_1e8vcs8._.js:776
[  128631ms] [LOG] [Fast Refresh] done in 1653ms @ http://localhost:3000/_next/static/chunks/node_modules_next_dist_1e8vcs8._.js:776
[  128693ms] [LOG] [Fast Refresh] done in 1653ms @ http://localhost:3000/_next/static/chunks/node_modules_next_dist_1e8vcs8._.js:776
[  128757ms] [LOG] [Fast Refresh] done in 1653ms @ http://localhost:3000/_next/static/chunks/node_modules_next_dist_1e8vcs8._.js:776
[  128819ms] [LOG] [Fast Refresh] done in 1653ms @ http://localhost:3000/_next/static/chunks/node_modules_next_dist_1e8vcs8._.js:776
[  128882ms] [LOG] [Fast Refresh] done in 1653ms @ http://localhost:3000/_next/static/chunks/node_modules_next_dist_1e8vcs8._.js:776
[  128945ms] [LOG] [Fast Refresh] done in 1653ms @ http://localhost:3000/_next/static/chunks/node_modules_next_dist_1e8vcs8._.js:776
[  129007ms] [LOG] [Fast Refresh] done in 1653ms @ http://localhost:3000/_next/static/chunks/node_modules_next_dist_1e8vcs8._.js:776
[  129070ms] [LOG] [Fast Refresh] done in 1653ms @ http://localhost:3000/_next/static/chunks/node_modules_next_dist_1e8vcs8._.js:776
[  129148ms] [LOG] [Fast Refresh] done in 1653ms @ http://localhost:3000/_next/static/chunks/node_modules_next_dist_1e8vcs8._.js:776
[  129211ms] [LOG] [Fast Refresh] done in 1653ms @ http://localhost:3000/_next/static/chunks/node_modules_next_dist_1e8vcs8._.js:776
[  129274ms] [LOG] [Fast Refresh] done in 1653ms @ http://localhost:3000/_next/static/chunks/node_modules_next_dist_1e8vcs8._.js:776
[  129336ms] [LOG] [Fast Refresh] done in 1653ms @ http://localhost:3000/_next/static/chunks/node_modules_next_dist_1e8vcs8._.js:776
[  129399ms] [LOG] [Fast Refresh] done in 1653ms @ http://localhost:3000/_next/static/chunks/node_modules_next_dist_1e8vcs8._.js:776
[  129462ms] [LOG] [Fast Refresh] done in 1653ms @ http://localhost:3000/_next/static/chunks/node_modules_next_dist_1e8vcs8._.js:776
[  129523ms] [LOG] [Fast Refresh] done in 1653ms @ http://localhost:3000/_next/static/chunks/node_modules_next_dist_1e8vcs8._.js:776
[  129584ms] [LOG] [Fast Refresh] done in 1653ms @ http://localhost:3000/_next/static/chunks/node_modules_next_dist_1e8vcs8._.js:776
[  129647ms] [LOG] [Fast Refresh] done in 1653ms @ http://localhost:3000/_next/static/chunks/node_modules_next_dist_1e8vcs8._.js:776
[  129709ms] [LOG] [Fast Refresh] done in 1653ms @ http://localhost:3000/_next/static/chunks/node_modules_next_dist_1e8vcs8._.js:776
[  129771ms] [LOG] [Fast Refresh] done in 1653ms @ http://localhost:3000/_next/static/chunks/node_modules_next_dist_1e8vcs8._.js:776
[  129834ms] [LOG] [Fast Refresh] done in 1653ms @ http://localhost:3000/_next/static/chunks/node_modules_next_dist_1e8vcs8._.js:776
[  129897ms] [LOG] [Fast Refresh] done in 1653ms @ http://localhost:3000/_next/static/chunks/node_modules_next_dist_1e8vcs8._.js:776
[  129958ms] [LOG] [Fast Refresh] done in 1653ms @ http://localhost:3000/_next/static/chunks/node_modules_next_dist_1e8vcs8._.js:776
[  130021ms] [LOG] [Fast Refresh] done in 1653ms @ http://localhost:3000/_next/static/chunks/node_modules_next_dist_1e8vcs8._.js:776
[  130083ms] [LOG] [Fast Refresh] done in 1653ms @ http://localhost:3000/_next/static/chunks/node_modules_next_dist_1e8vcs8._.js:776
[  130144ms] [LOG] [Fast Refresh] done in 1653ms @ http://localhost:3000/_next/static/chunks/node_modules_next_dist_1e8vcs8._.js:776
[  130207ms] [LOG] [Fast Refresh] done in 1653ms @ http://localhost:3000/_next/static/chunks/node_modules_next_dist_1e8vcs8._.js:776
[  130270ms] [LOG] [Fast Refresh] done in 1653ms @ http://localhost:3000/_next/static/chunks/node_modules_next_dist_1e8vcs8._.js:776
[  130334ms] [LOG] [Fast Refresh] done in 1653ms @ http://localhost:3000/_next/static/chunks/node_modules_next_dist_1e8vcs8._.js:776
[  130396ms] [LOG] [Fast Refresh] done in 1653ms @ http://localhost:3000/_next/static/chunks/node_modules_next_dist_1e8vcs8._.js:776
[  130458ms] [LOG] [Fast Refresh] done in 1653ms @ http://localhost:3000/_next/static/chunks/node_modules_next_dist_1e8vcs8._.js:776
[  130521ms] [LOG] [Fast Refresh] done in 1653ms @ http://localhost:3000/_next/static/chunks/node_modules_next_dist_1e8vcs8._.js:776
[  130583ms] [LOG] [Fast Refresh] done in 1653ms @ http://localhost:3000/_next/static/chunks/node_modules_next_dist_1e8vcs8._.js:776
[  130646ms] [LOG] [Fast Refresh] done in 1653ms @ http://localhost:3000/_next/static/chunks/node_modules_next_dist_1e8vcs8._.js:776
[  130708ms] [LOG] [Fast Refresh] done in 1653ms @ http://localhost:3000/_next/static/chunks/node_modules_next_dist_1e8vcs8._.js:776
[  130769ms] [LOG] [Fast Refresh] done in 1653ms @ http://localhost:3000/_next/static/chunks/node_modules_next_dist_1e8vcs8._.js:776
[  130831ms] [LOG] [Fast Refresh] done in 1653ms @ http://localhost:3000/_next/static/chunks/node_modules_next_dist_1e8vcs8._.js:776
[  130895ms] [LOG] [Fast Refresh] done in 1653ms @ http://localhost:3000/_next/static/chunks/node_modules_next_dist_1e8vcs8._.js:776
[  130958ms] [LOG] [Fast Refresh] done in 1653ms @ http://localhost:3000/_next/static/chunks/node_modules_next_dist_1e8vcs8._.js:776
[  131020ms] [LOG] [Fast Refresh] done in 1653ms @ http://localhost:3000/_next/static/chunks/node_modules_next_dist_1e8vcs8._.js:776
[  131082ms] [LOG] [Fast Refresh] done in 1653ms @ http://localhost:3000/_next/static/chunks/node_modules_next_dist_1e8vcs8._.js:776
[  131332ms] [LOG] [Fast Refresh] done in 1653ms @ http://localhost:3000/_next/static/chunks/node_modules_next_dist_1e8vcs8._.js:776
[  131395ms] [LOG] [Fast Refresh] done in 1653ms @ http://localhost:3000/_next/static/chunks/node_modules_next_dist_1e8vcs8._.js:776
[  131457ms] [LOG] [Fast Refresh] done in 1653ms @ http://localhost:3000/_next/static/chunks/node_modules_next_dist_1e8vcs8._.js:776
[  131519ms] [LOG] [Fast Refresh] done in 1653ms @ http://localhost:3000/_next/static/chunks/node_modules_next_dist_1e8vcs8._.js:776
[  131581ms] [LOG] [Fast Refresh] done in 1653ms @ http://localhost:3000/_next/static/chunks/node_modules_next_dist_1e8vcs8._.js:776
[  131643ms] [LOG] [Fast Refresh] done in 1653ms @ http://localhost:3000/_next/static/chunks/node_modules_next_dist_1e8vcs8._.js:776
[  131705ms] [LOG] [Fast Refresh] done in 1653ms @ http://localhost:3000/_next/static/chunks/node_modules_next_dist_1e8vcs8._.js:776
[  131768ms] [LOG] [Fast Refresh] done in 1653ms @ http://localhost:3000/_next/static/chunks/node_modules_next_dist_1e8vcs8._.js:776
[  131831ms] [LOG] [Fast Refresh] done in 1653ms @ http://localhost:3000/_next/static/chunks/node_modules_next_dist_1e8vcs8._.js:776
[  131894ms] [LOG] [Fast Refresh] done in 1653ms @ http://localhost:3000/_next/static/chunks/node_modules_next_dist_1e8vcs8._.js:776
[  131957ms] [LOG] [Fast Refresh] done in 1653ms @ http://localhost:3000/_next/static/chunks/node_modules_next_dist_1e8vcs8._.js:776
[  132019ms] [LOG] [Fast Refresh] done in 1653ms @ http://localhost:3000/_next/static/chunks/node_modules_next_dist_1e8vcs8._.js:776
[  132081ms] [LOG] [Fast Refresh] done in 1653ms @ http://localhost:3000/_next/static/chunks/node_modules_next_dist_1e8vcs8._.js:776
[  132144ms] [LOG] [Fast Refresh] done in 1653ms @ http://localhost:3000/_next/static/chunks/node_modules_next_dist_1e8vcs8._.js:776
[  132207ms] [LOG] [Fast Refresh] done in 1653ms @ http://localhost:3000/_next/static/chunks/node_modules_next_dist_1e8vcs8._.js:776
[  132268ms] [LOG] [Fast Refresh] done in 1653ms @ http://localhost:3000/_next/static/chunks/node_modules_next_dist_1e8vcs8._.js:776
[  132331ms] [LOG] [Fast Refresh] done in 1653ms @ http://localhost:3000/_next/static/chunks/node_modules_next_dist_1e8vcs8._.js:776
[  132394ms] [LOG] [Fast Refresh] done in 1653ms @ http://localhost:3000/_next/static/chunks/node_modules_next_dist_1e8vcs8._.js:776
[  132456ms] [LOG] [Fast Refresh] done in 1653ms @ http://localhost:3000/_next/static/chunks/node_modules_next_dist_1e8vcs8._.js:776
[  132519ms] [LOG] [Fast Refresh] done in 1653ms @ http://localhost:3000/_next/static/chunks/node_modules_next_dist_1e8vcs8._.js:776
[  132581ms] [LOG] [Fast Refresh] done in 1653ms @ http://localhost:3000/_next/static/chunks/node_modules_next_dist_1e8vcs8._.js:776
[  132643ms] [LOG] [Fast Refresh] done in 1653ms @ http://localhost:3000/_next/static/chunks/node_modules_next_dist_1e8vcs8._.js:776
[  132706ms] [LOG] [Fast Refresh] done in 1653ms @ http://localhost:3000/_next/static/chunks/node_modules_next_dist_1e8vcs8._.js:776
[  132783ms] [LOG] [Fast Refresh] done in 1653ms @ http://localhost:3000/_next/static/chunks/node_modules_next_dist_1e8vcs8._.js:776
[  132844ms] [LOG] [Fast Refresh] done in 1653ms @ http://localhost:3000/_next/static/chunks/node_modules_next_dist_1e8vcs8._.js:776
[  132906ms] [LOG] [Fast Refresh] done in 1653ms @ http://localhost:3000/_next/static/chunks/node_modules_next_dist_1e8vcs8._.js:776
[  132968ms] [LOG] [Fast Refresh] done in 1653ms @ http://localhost:3000/_next/static/chunks/node_modules_next_dist_1e8vcs8._.js:776
[  133031ms] [LOG] [Fast Refresh] done in 1653ms @ http://localhost:3000/_next/static/chunks/node_modules_next_dist_1e8vcs8._.js:776
[  133093ms] [LOG] [Fast Refresh] done in 1653ms @ http://localhost:3000/_next/static/chunks/node_modules_next_dist_1e8vcs8._.js:776
[  133156ms] [LOG] [Fast Refresh] done in 1653ms @ http://localhost:3000/_next/static/chunks/node_modules_next_dist_1e8vcs8._.js:776
[  133219ms] [LOG] [Fast Refresh] done in 1653ms @ http://localhost:3000/_next/static/chunks/node_modules_next_dist_1e8vcs8._.js:776
[  133280ms] [LOG] [Fast Refresh] done in 1653ms @ http://localhost:3000/_next/static/chunks/node_modules_next_dist_1e8vcs8._.js:776
[  133343ms] [LOG] [Fast Refresh] done in 1653ms @ http://localhost:3000/_next/static/chunks/node_modules_next_dist_1e8vcs8._.js:776
[  133405ms] [LOG] [Fast Refresh] done in 1653ms @ http://localhost:3000/_next/static/chunks/node_modules_next_dist_1e8vcs8._.js:776
[  133467ms] [LOG] [Fast Refresh] done in 1653ms @ http://localhost:3000/_next/static/chunks/node_modules_next_dist_1e8vcs8._.js:776
[  133529ms] [LOG] [Fast Refresh] done in 1653ms @ http://localhost:3000/_next/static/chunks/node_modules_next_dist_1e8vcs8._.js:776
[  133591ms] [LOG] [Fast Refresh] done in 1653ms @ http://localhost:3000/_next/static/chunks/node_modules_next_dist_1e8vcs8._.js:776
[  133653ms] [LOG] [Fast Refresh] done in 1653ms @ http://localhost:3000/_next/static/chunks/node_modules_next_dist_1e8vcs8._.js:776
[  133714ms] [LOG] [Fast Refresh] done in 1653ms @ http://localhost:3000/_next/static/chunks/node_modules_next_dist_1e8vcs8._.js:776
[  133777ms] [LOG] [Fast Refresh] done in 1653ms @ http://localhost:3000/_next/static/chunks/node_modules_next_dist_1e8vcs8._.js:776
[  133839ms] [LOG] [Fast Refresh] done in 1653ms @ http://localhost:3000/_next/static/chunks/node_modules_next_dist_1e8vcs8._.js:776
[  133902ms] [LOG] [Fast Refresh] done in 1653ms @ http://localhost:3000/_next/static/chunks/node_modules_next_dist_1e8vcs8._.js:776
[  133965ms] [LOG] [Fast Refresh] done in 1653ms @ http://localhost:3000/_next/static/chunks/node_modules_next_dist_1e8vcs8._.js:776
[  134027ms] [LOG] [Fast Refresh] done in 1653ms @ http://localhost:3000/_next/static/chunks/node_modules_next_dist_1e8vcs8._.js:776
[  134090ms] [LOG] [Fast Refresh] done in 1653ms @ http://localhost:3000/_next/static/chunks/node_modules_next_dist_1e8vcs8._.js:776
[  134152ms] [LOG] [Fast Refresh] done in 1653ms @ http://localhost:3000/_next/static/chunks/node_modules_next_dist_1e8vcs8._.js:776
[  134216ms] [LOG] [Fast Refresh] done in 1653ms @ http://localhost:3000/_next/static/chunks/node_modules_next_dist_1e8vcs8._.js:776
[  134279ms] [LOG] [Fast Refresh] done in 1653ms @ http://localhost:3000/_next/static/chunks/node_modules_next_dist_1e8vcs8._.js:776
[  134340ms] [LOG] [Fast Refresh] done in 1653ms @ http://localhost:3000/_next/static/chunks/node_modules_next_dist_1e8vcs8._.js:776
[  134403ms] [LOG] [Fast Refresh] done in 1653ms @ http://localhost:3000/_next/static/chunks/node_modules_next_dist_1e8vcs8._.js:776
[  134465ms] [LOG] [Fast Refresh] done in 1653ms @ http://localhost:3000/_next/static/chunks/node_modules_next_dist_1e8vcs8._.js:776
[  134526ms] [LOG] [Fast Refresh] done in 1653ms @ http://localhost:3000/_next/static/chunks/node_modules_next_dist_1e8vcs8._.js:776
[  134601ms] [LOG] [Fast Refresh] done in 1653ms @ http://localhost:3000/_next/static/chunks/node_modules_next_dist_1e8vcs8._.js:776
[  134668ms] [LOG] [Fast Refresh] done in 1653ms @ http://localhost:3000/_next/static/chunks/node_modules_next_dist_1e8vcs8._.js:776
[  134730ms] [LOG] [Fast Refresh] done in 1653ms @ http://localhost:3000/_next/static/chunks/node_modules_next_dist_1e8vcs8._.js:776
[  134793ms] [LOG] [Fast Refresh] done in 1653ms @ http://localhost:3000/_next/static/chunks/node_modules_next_dist_1e8vcs8._.js:776
[  134855ms] [LOG] [Fast Refresh] done in 1653ms @ http://localhost:3000/_next/static/chunks/node_modules_next_dist_1e8vcs8._.js:776
[  134918ms] [LOG] [Fast Refresh] done in 1653ms @ http://localhost:3000/_next/static/chunks/node_modules_next_dist_1e8vcs8._.js:776
[  134979ms] [LOG] [Fast Refresh] done in 1653ms @ http://localhost:3000/_next/static/chunks/node_modules_next_dist_1e8vcs8._.js:776
[  135042ms] [LOG] [Fast Refresh] done in 1653ms @ http://localhost:3000/_next/static/chunks/node_modules_next_dist_1e8vcs8._.js:776
[  135105ms] [LOG] [Fast Refresh] done in 1653ms @ http://localhost:3000/_next/static/chunks/node_modules_next_dist_1e8vcs8._.js:776
[  135167ms] [LOG] [Fast Refresh] done in 1653ms @ http://localhost:3000/_next/static/chunks/node_modules_next_dist_1e8vcs8._.js:776
[  135228ms] [LOG] [Fast Refresh] done in 1653ms @ http://localhost:3000/_next/static/chunks/node_modules_next_dist_1e8vcs8._.js:776
[  135291ms] [LOG] [Fast Refresh] done in 1653ms @ http://localhost:3000/_next/static/chunks/node_modules_next_dist_1e8vcs8._.js:776
[  135353ms] [LOG] [Fast Refresh] done in 1653ms @ http://localhost:3000/_next/static/chunks/node_modules_next_dist_1e8vcs8._.js:776
[  135415ms] [LOG] [Fast Refresh] done in 1653ms @ http://localhost:3000/_next/static/chunks/node_modules_next_dist_1e8vcs8._.js:776
[  135477ms] [LOG] [Fast Refresh] done in 1653ms @ http://localhost:3000/_next/static/chunks/node_modules_next_dist_1e8vcs8._.js:776
[  135539ms] [LOG] [Fast Refresh] done in 1653ms @ http://localhost:3000/_next/static/chunks/node_modules_next_dist_1e8vcs8._.js:776
[  135601ms] [LOG] [Fast Refresh] done in 1653ms @ http://localhost:3000/_next/static/chunks/node_modules_next_dist_1e8vcs8._.js:776
[  135664ms] [LOG] [Fast Refresh] done in 1653ms @ http://localhost:3000/_next/static/chunks/node_modules_next_dist_1e8vcs8._.js:776
[  135728ms] [LOG] [Fast Refresh] done in 1653ms @ http://localhost:3000/_next/static/chunks/node_modules_next_dist_1e8vcs8._.js:776
[  135789ms] [LOG] [Fast Refresh] done in 1653ms @ http://localhost:3000/_next/static/chunks/node_modules_next_dist_1e8vcs8._.js:776
[  135852ms] [LOG] [Fast Refresh] done in 1653ms @ http://localhost:3000/_next/static/chunks/node_modules_next_dist_1e8vcs8._.js:776
[  135914ms] [LOG] [Fast Refresh] done in 1653ms @ http://localhost:3000/_next/static/chunks/node_modules_next_dist_1e8vcs8._.js:776
[  135975ms] [LOG] [Fast Refresh] done in 1653ms @ http://localhost:3000/_next/static/chunks/node_modules_next_dist_1e8vcs8._.js:776
[  136037ms] [LOG] [Fast Refresh] done in 1653ms @ http://localhost:3000/_next/static/chunks/node_modules_next_dist_1e8vcs8._.js:776
[  136098ms] [LOG] [Fast Refresh] done in 1653ms @ http://localhost:3000/_next/static/chunks/node_modules_next_dist_1e8vcs8._.js:776
[  136161ms] [LOG] [Fast Refresh] done in 1653ms @ http://localhost:3000/_next/static/chunks/node_modules_next_dist_1e8vcs8._.js:776
[  136222ms] [LOG] [Fast Refresh] done in 1653ms @ http://localhost:3000/_next/static/chunks/node_modules_next_dist_1e8vcs8._.js:776
[  136284ms] [LOG] [Fast Refresh] done in 1653ms @ http://localhost:3000/_next/static/chunks/node_modules_next_dist_1e8vcs8._.js:776
[  136347ms] [LOG] [Fast Refresh] done in 1653ms @ http://localhost:3000/_next/static/chunks/node_modules_next_dist_1e8vcs8._.js:776
[  136410ms] [LOG] [Fast Refresh] done in 1653ms @ http://localhost:3000/_next/static/chunks/node_modules_next_dist_1e8vcs8._.js:776
[  136473ms] [LOG] [Fast Refresh] done in 1653ms @ http://localhost:3000/_next/static/chunks/node_modules_next_dist_1e8vcs8._.js:776
[  136534ms] [LOG] [Fast Refresh] done in 1653ms @ http://localhost:3000/_next/static/chunks/node_modules_next_dist_1e8vcs8._.js:776
[  136597ms] [LOG] [Fast Refresh] done in 1653ms @ http://localhost:3000/_next/static/chunks/node_modules_next_dist_1e8vcs8._.js:776
[  136659ms] [LOG] [Fast Refresh] done in 1653ms @ http://localhost:3000/_next/static/chunks/node_modules_next_dist_1e8vcs8._.js:776
[  136722ms] [LOG] [Fast Refresh] done in 1653ms @ http://localhost:3000/_next/static/chunks/node_modules_next_dist_1e8vcs8._.js:776
[  136784ms] [LOG] [Fast Refresh] done in 1653ms @ http://localhost:3000/_next/static/chunks/node_modules_next_dist_1e8vcs8._.js:776
[  136848ms] [LOG] [Fast Refresh] done in 1653ms @ http://localhost:3000/_next/static/chunks/node_modules_next_dist_1e8vcs8._.js:776
[  136911ms] [LOG] [Fast Refresh] done in 1653ms @ http://localhost:3000/_next/static/chunks/node_modules_next_dist_1e8vcs8._.js:776
[  136973ms] [LOG] [Fast Refresh] done in 1653ms @ http://localhost:3000/_next/static/chunks/node_modules_next_dist_1e8vcs8._.js:776
[  137036ms] [LOG] [Fast Refresh] done in 1653ms @ http://localhost:3000/_next/static/chunks/node_modules_next_dist_1e8vcs8._.js:776
[  137098ms] [LOG] [Fast Refresh] done in 1653ms @ http://localhost:3000/_next/static/chunks/node_modules_next_dist_1e8vcs8._.js:776
[  137161ms] [LOG] [Fast Refresh] done in 1653ms @ http://localhost:3000/_next/static/chunks/node_modules_next_dist_1e8vcs8._.js:776
[  137223ms] [LOG] [Fast Refresh] done in 1653ms @ http://localhost:3000/_next/static/chunks/node_modules_next_dist_1e8vcs8._.js:776
[  137285ms] [LOG] [Fast Refresh] done in 1653ms @ http://localhost:3000/_next/static/chunks/node_modules_next_dist_1e8vcs8._.js:776
[  137347ms] [LOG] [Fast Refresh] done in 1653ms @ http://localhost:3000/_next/static/chunks/node_modules_next_dist_1e8vcs8._.js:776
[  137411ms] [LOG] [Fast Refresh] done in 1653ms @ http://localhost:3000/_next/static/chunks/node_modules_next_dist_1e8vcs8._.js:776
[  137473ms] [LOG] [Fast Refresh] done in 1653ms @ http://localhost:3000/_next/static/chunks/node_modules_next_dist_1e8vcs8._.js:776
[  137535ms] [LOG] [Fast Refresh] done in 1653ms @ http://localhost:3000/_next/static/chunks/node_modules_next_dist_1e8vcs8._.js:776
[  137597ms] [LOG] [Fast Refresh] done in 1653ms @ http://localhost:3000/_next/static/chunks/node_modules_next_dist_1e8vcs8._.js:776
[  137660ms] [LOG] [Fast Refresh] done in 1653ms @ http://localhost:3000/_next/static/chunks/node_modules_next_dist_1e8vcs8._.js:776
[  137722ms] [LOG] [Fast Refresh] done in 1653ms @ http://localhost:3000/_next/static/chunks/node_modules_next_dist_1e8vcs8._.js:776
[  137783ms] [LOG] [Fast Refresh] done in 1653ms @ http://localhost:3000/_next/static/chunks/node_modules_next_dist_1e8vcs8._.js:776
[  137846ms] [LOG] [Fast Refresh] done in 1653ms @ http://localhost:3000/_next/static/chunks/node_modules_next_dist_1e8vcs8._.js:776
[  137908ms] [LOG] [Fast Refresh] done in 1653ms @ http://localhost:3000/_next/static/chunks/node_modules_next_dist_1e8vcs8._.js:776
[  137972ms] [LOG] [Fast Refresh] done in 1653ms @ http://localhost:3000/_next/static/chunks/node_modules_next_dist_1e8vcs8._.js:776
[  138034ms] [LOG] [Fast Refresh] done in 1653ms @ http://localhost:3000/_next/static/chunks/node_modules_next_dist_1e8vcs8._.js:776
[  138097ms] [LOG] [Fast Refresh] done in 1653ms @ http://localhost:3000/_next/static/chunks/node_modules_next_dist_1e8vcs8._.js:776
[  138158ms] [LOG] [Fast Refresh] done in 1653ms @ http://localhost:3000/_next/static/chunks/node_modules_next_dist_1e8vcs8._.js:776
[  138220ms] [LOG] [Fast Refresh] done in 1653ms @ http://localhost:3000/_next/static/chunks/node_modules_next_dist_1e8vcs8._.js:776
[  138283ms] [LOG] [Fast Refresh] done in 1653ms @ http://localhost:3000/_next/static/chunks/node_modules_next_dist_1e8vcs8._.js:776
[  138346ms] [LOG] [Fast Refresh] done in 1653ms @ http://localhost:3000/_next/static/chunks/node_modules_next_dist_1e8vcs8._.js:776
[  138409ms] [LOG] [Fast Refresh] done in 1653ms @ http://localhost:3000/_next/static/chunks/node_modules_next_dist_1e8vcs8._.js:776
[  138473ms] [LOG] [Fast Refresh] done in 1653ms @ http://localhost:3000/_next/static/chunks/node_modules_next_dist_1e8vcs8._.js:776
[  138534ms] [LOG] [Fast Refresh] done in 1653ms @ http://localhost:3000/_next/static/chunks/node_modules_next_dist_1e8vcs8._.js:776
[  138598ms] [LOG] [Fast Refresh] done in 1653ms @ http://localhost:3000/_next/static/chunks/node_modules_next_dist_1e8vcs8._.js:776
[  138661ms] [LOG] [Fast Refresh] done in 1653ms @ http://localhost:3000/_next/static/chunks/node_modules_next_dist_1e8vcs8._.js:776
[  138722ms] [LOG] [Fast Refresh] done in 1653ms @ http://localhost:3000/_next/static/chunks/node_modules_next_dist_1e8vcs8._.js:776
[  138785ms] [LOG] [Fast Refresh] done in 1653ms @ http://localhost:3000/_next/static/chunks/node_modules_next_dist_1e8vcs8._.js:776
[  138848ms] [LOG] [Fast Refresh] done in 1653ms @ http://localhost:3000/_next/static/chunks/node_modules_next_dist_1e8vcs8._.js:776
[  138911ms] [LOG] [Fast Refresh] done in 1653ms @ http://localhost:3000/_next/static/chunks/node_modules_next_dist_1e8vcs8._.js:776
[  138973ms] [LOG] [Fast Refresh] done in 1653ms @ http://localhost:3000/_next/static/chunks/node_modules_next_dist_1e8vcs8._.js:776
[  139035ms] [LOG] [Fast Refresh] done in 1653ms @ http://localhost:3000/_next/static/chunks/node_modules_next_dist_1e8vcs8._.js:776
[  139100ms] [LOG] [Fast Refresh] done in 1653ms @ http://localhost:3000/_next/static/chunks/node_modules_next_dist_1e8vcs8._.js:776
[  139161ms] [LOG] [Fast Refresh] done in 1653ms @ http://localhost:3000/_next/static/chunks/node_modules_next_dist_1e8vcs8._.js:776
[  139225ms] [LOG] [Fast Refresh] done in 1653ms @ http://localhost:3000/_next/static/chunks/node_modules_next_dist_1e8vcs8._.js:776
[  139287ms] [LOG] [Fast Refresh] done in 1653ms @ http://localhost:3000/_next/static/chunks/node_modules_next_dist_1e8vcs8._.js:776
[  139350ms] [LOG] [Fast Refresh] done in 1653ms @ http://localhost:3000/_next/static/chunks/node_modules_next_dist_1e8vcs8._.js:776
[  139412ms] [LOG] [Fast Refresh] done in 1653ms @ http://localhost:3000/_next/static/chunks/node_modules_next_dist_1e8vcs8._.js:776
[  139473ms] [LOG] [Fast Refresh] done in 1653ms @ http://localhost:3000/_next/static/chunks/node_modules_next_dist_1e8vcs8._.js:776
[  139533ms] [LOG] [Fast Refresh] done in 1653ms @ http://localhost:3000/_next/static/chunks/node_modules_next_dist_1e8vcs8._.js:776
[  139594ms] [LOG] [Fast Refresh] done in 1653ms @ http://localhost:3000/_next/static/chunks/node_modules_next_dist_1e8vcs8._.js:776
[  139657ms] [LOG] [Fast Refresh] done in 1653ms @ http://localhost:3000/_next/static/chunks/node_modules_next_dist_1e8vcs8._.js:776
[  139719ms] [LOG] [Fast Refresh] done in 1653ms @ http://localhost:3000/_next/static/chunks/node_modules_next_dist_1e8vcs8._.js:776
[  139782ms] [LOG] [Fast Refresh] done in 1653ms @ http://localhost:3000/_next/static/chunks/node_modules_next_dist_1e8vcs8._.js:776
[  139845ms] [LOG] [Fast Refresh] done in 1653ms @ http://localhost:3000/_next/static/chunks/node_modules_next_dist_1e8vcs8._.js:776
[  139905ms] [LOG] [Fast Refresh] done in 1653ms @ http://localhost:3000/_next/static/chunks/node_modules_next_dist_1e8vcs8._.js:776
[  139968ms] [LOG] [Fast Refresh] done in 1653ms @ http://localhost:3000/_next/static/chunks/node_modules_next_dist_1e8vcs8._.js:776
[  140030ms] [LOG] [Fast Refresh] done in 1653ms @ http://localhost:3000/_next/static/chunks/node_modules_next_dist_1e8vcs8._.js:776
[  140091ms] [LOG] [Fast Refresh] done in 1653ms @ http://localhost:3000/_next/static/chunks/node_modules_next_dist_1e8vcs8._.js:776
[  140154ms] [LOG] [Fast Refresh] done in 1653ms @ http://localhost:3000/_next/static/chunks/node_modules_next_dist_1e8vcs8._.js:776
[  140218ms] [LOG] [Fast Refresh] done in 1653ms @ http://localhost:3000/_next/static/chunks/node_modules_next_dist_1e8vcs8._.js:776
[  140281ms] [LOG] [Fast Refresh] done in 1653ms @ http://localhost:3000/_next/static/chunks/node_modules_next_dist_1e8vcs8._.js:776
[  140356ms] [LOG] [Fast Refresh] done in 1653ms @ http://localhost:3000/_next/static/chunks/node_modules_next_dist_1e8vcs8._.js:776
[  140420ms] [LOG] [Fast Refresh] done in 1653ms @ http://localhost:3000/_next/static/chunks/node_modules_next_dist_1e8vcs8._.js:776
[  140483ms] [LOG] [Fast Refresh] done in 1653ms @ http://localhost:3000/_next/static/chunks/node_modules_next_dist_1e8vcs8._.js:776
[  140545ms] [LOG] [Fast Refresh] done in 1653ms @ http://localhost:3000/_next/static/chunks/node_modules_next_dist_1e8vcs8._.js:776
[  140606ms] [LOG] [Fast Refresh] done in 1653ms @ http://localhost:3000/_next/static/chunks/node_modules_next_dist_1e8vcs8._.js:776
[  140667ms] [LOG] [Fast Refresh] done in 1653ms @ http://localhost:3000/_next/static/chunks/node_modules_next_dist_1e8vcs8._.js:776
[  140854ms] [LOG] [Fast Refresh] done in 1653ms @ http://localhost:3000/_next/static/chunks/node_modules_next_dist_1e8vcs8._.js:776
[  140918ms] [LOG] [Fast Refresh] done in 1653ms @ http://localhost:3000/_next/static/chunks/node_modules_next_dist_1e8vcs8._.js:776
[  140981ms] [LOG] [Fast Refresh] done in 1653ms @ http://localhost:3000/_next/static/chunks/node_modules_next_dist_1e8vcs8._.js:776
[  141043ms] [LOG] [Fast Refresh] done in 1653ms @ http://localhost:3000/_next/static/chunks/node_modules_next_dist_1e8vcs8._.js:776
[  141104ms] [LOG] [Fast Refresh] done in 1653ms @ http://localhost:3000/_next/static/chunks/node_modules_next_dist_1e8vcs8._.js:776
[  141168ms] [LOG] [Fast Refresh] done in 1653ms @ http://localhost:3000/_next/static/chunks/node_modules_next_dist_1e8vcs8._.js:776
[  141229ms] [LOG] [Fast Refresh] done in 1653ms @ http://localhost:3000/_next/static/chunks/node_modules_next_dist_1e8vcs8._.js:776
[  141291ms] [LOG] [Fast Refresh] done in 1653ms @ http://localhost:3000/_next/static/chunks/node_modules_next_dist_1e8vcs8._.js:776
[  141353ms] [LOG] [Fast Refresh] done in 1653ms @ http://localhost:3000/_next/static/chunks/node_modules_next_dist_1e8vcs8._.js:776
[  141416ms] [LOG] [Fast Refresh] done in 1653ms @ http://localhost:3000/_next/static/chunks/node_modules_next_dist_1e8vcs8._.js:776
[  141478ms] [LOG] [Fast Refresh] done in 1653ms @ http://localhost:3000/_next/static/chunks/node_modules_next_dist_1e8vcs8._.js:776
[  141541ms] [LOG] [Fast Refresh] done in 1653ms @ http://localhost:3000/_next/static/chunks/node_modules_next_dist_1e8vcs8._.js:776
[  141602ms] [LOG] [Fast Refresh] done in 1653ms @ http://localhost:3000/_next/static/chunks/node_modules_next_dist_1e8vcs8._.js:776
[  141664ms] [LOG] [Fast Refresh] done in 1653ms @ http://localhost:3000/_next/static/chunks/node_modules_next_dist_1e8vcs8._.js:776
[  141726ms] [LOG] [Fast Refresh] done in 1653ms @ http://localhost:3000/_next/static/chunks/node_modules_next_dist_1e8vcs8._.js:776
[  141788ms] [LOG] [Fast Refresh] done in 1653ms @ http://localhost:3000/_next/static/chunks/node_modules_next_dist_1e8vcs8._.js:776
[  141851ms] [LOG] [Fast Refresh] done in 1653ms @ http://localhost:3000/_next/static/chunks/node_modules_next_dist_1e8vcs8._.js:776
[  141913ms] [LOG] [Fast Refresh] done in 1653ms @ http://localhost:3000/_next/static/chunks/node_modules_next_dist_1e8vcs8._.js:776
[  141976ms] [LOG] [Fast Refresh] done in 1653ms @ http://localhost:3000/_next/static/chunks/node_modules_next_dist_1e8vcs8._.js:776
[  142038ms] [LOG] [Fast Refresh] done in 1653ms @ http://localhost:3000/_next/static/chunks/node_modules_next_dist_1e8vcs8._.js:776
[  142100ms] [LOG] [Fast Refresh] done in 1653ms @ http://localhost:3000/_next/static/chunks/node_modules_next_dist_1e8vcs8._.js:776
[  142162ms] [LOG] [Fast Refresh] done in 1653ms @ http://localhost:3000/_next/static/chunks/node_modules_next_dist_1e8vcs8._.js:776
[  142224ms] [LOG] [Fast Refresh] done in 1653ms @ http://localhost:3000/_next/static/chunks/node_modules_next_dist_1e8vcs8._.js:776
[  142288ms] [LOG] [Fast Refresh] done in 1653ms @ http://localhost:3000/_next/static/chunks/node_modules_next_dist_1e8vcs8._.js:776
[  142349ms] [LOG] [Fast Refresh] done in 1653ms @ http://localhost:3000/_next/static/chunks/node_modules_next_dist_1e8vcs8._.js:776
[  142412ms] [LOG] [Fast Refresh] done in 1653ms @ http://localhost:3000/_next/static/chunks/node_modules_next_dist_1e8vcs8._.js:776
[  142473ms] [LOG] [Fast Refresh] done in 1653ms @ http://localhost:3000/_next/static/chunks/node_modules_next_dist_1e8vcs8._.js:776
[  142537ms] [LOG] [Fast Refresh] done in 1653ms @ http://localhost:3000/_next/static/chunks/node_modules_next_dist_1e8vcs8._.js:776
[  142598ms] [LOG] [Fast Refresh] done in 1653ms @ http://localhost:3000/_next/static/chunks/node_modules_next_dist_1e8vcs8._.js:776
[  142661ms] [LOG] [Fast Refresh] done in 1653ms @ http://localhost:3000/_next/static/chunks/node_modules_next_dist_1e8vcs8._.js:776
[  142723ms] [LOG] [Fast Refresh] done in 1653ms @ http://localhost:3000/_next/static/chunks/node_modules_next_dist_1e8vcs8._.js:776
[  142785ms] [LOG] [Fast Refresh] done in 1653ms @ http://localhost:3000/_next/static/chunks/node_modules_next_dist_1e8vcs8._.js:776
[  142848ms] [LOG] [Fast Refresh] done in 1653ms @ http://localhost:3000/_next/static/chunks/node_modules_next_dist_1e8vcs8._.js:776
[  142911ms] [LOG] [Fast Refresh] done in 1653ms @ http://localhost:3000/_next/static/chunks/node_modules_next_dist_1e8vcs8._.js:776
[  142973ms] [LOG] [Fast Refresh] done in 1653ms @ http://localhost:3000/_next/static/chunks/node_modules_next_dist_1e8vcs8._.js:776
[  143037ms] [LOG] [Fast Refresh] done in 1653ms @ http://localhost:3000/_next/static/chunks/node_modules_next_dist_1e8vcs8._.js:776
[  143099ms] [LOG] [Fast Refresh] done in 1653ms @ http://localhost:3000/_next/static/chunks/node_modules_next_dist_1e8vcs8._.js:776
[  143162ms] [LOG] [Fast Refresh] done in 1653ms @ http://localhost:3000/_next/static/chunks/node_modules_next_dist_1e8vcs8._.js:776
[  143224ms] [LOG] [Fast Refresh] done in 1653ms @ http://localhost:3000/_next/static/chunks/node_modules_next_dist_1e8vcs8._.js:776
[  143287ms] [LOG] [Fast Refresh] done in 1653ms @ http://localhost:3000/_next/static/chunks/node_modules_next_dist_1e8vcs8._.js:776
[  143350ms] [LOG] [Fast Refresh] done in 1653ms @ http://localhost:3000/_next/static/chunks/node_modules_next_dist_1e8vcs8._.js:776
[  143414ms] [LOG] [Fast Refresh] done in 1653ms @ http://localhost:3000/_next/static/chunks/node_modules_next_dist_1e8vcs8._.js:776
[  143477ms] [LOG] [Fast Refresh] done in 1653ms @ http://localhost:3000/_next/static/chunks/node_modules_next_dist_1e8vcs8._.js:776
[  143539ms] [LOG] [Fast Refresh] done in 1653ms @ http://localhost:3000/_next/static/chunks/node_modules_next_dist_1e8vcs8._.js:776
[  143601ms] [LOG] [Fast Refresh] done in 1653ms @ http://localhost:3000/_next/static/chunks/node_modules_next_dist_1e8vcs8._.js:776
[  143664ms] [LOG] [Fast Refresh] done in 1653ms @ http://localhost:3000/_next/static/chunks/node_modules_next_dist_1e8vcs8._.js:776
[  143726ms] [LOG] [Fast Refresh] done in 1653ms @ http://localhost:3000/_next/static/chunks/node_modules_next_dist_1e8vcs8._.js:776
[  143789ms] [LOG] [Fast Refresh] done in 1653ms @ http://localhost:3000/_next/static/chunks/node_modules_next_dist_1e8vcs8._.js:776
[  143851ms] [LOG] [Fast Refresh] done in 1653ms @ http://localhost:3000/_next/static/chunks/node_modules_next_dist_1e8vcs8._.js:776
[  143914ms] [LOG] [Fast Refresh] done in 1653ms @ http://localhost:3000/_next/static/chunks/node_modules_next_dist_1e8vcs8._.js:776
[  143976ms] [LOG] [Fast Refresh] done in 1653ms @ http://localhost:3000/_next/static/chunks/node_modules_next_dist_1e8vcs8._.js:776
[  144039ms] [LOG] [Fast Refresh] done in 1653ms @ http://localhost:3000/_next/static/chunks/node_modules_next_dist_1e8vcs8._.js:776
[  144102ms] [LOG] [Fast Refresh] done in 1653ms @ http://localhost:3000/_next/static/chunks/node_modules_next_dist_1e8vcs8._.js:776
[  144163ms] [LOG] [Fast Refresh] done in 1653ms @ http://localhost:3000/_next/static/chunks/node_modules_next_dist_1e8vcs8._.js:776
[  144225ms] [LOG] [Fast Refresh] done in 1653ms @ http://localhost:3000/_next/static/chunks/node_modules_next_dist_1e8vcs8._.js:776
[  144288ms] [LOG] [Fast Refresh] done in 1653ms @ http://localhost:3000/_next/static/chunks/node_modules_next_dist_1e8vcs8._.js:776
[  144353ms] [LOG] [Fast Refresh] done in 1653ms @ http://localhost:3000/_next/static/chunks/node_modules_next_dist_1e8vcs8._.js:776
[  144415ms] [LOG] [Fast Refresh] done in 1653ms @ http://localhost:3000/_next/static/chunks/node_modules_next_dist_1e8vcs8._.js:776
[  144479ms] [LOG] [Fast Refresh] done in 1653ms @ http://localhost:3000/_next/static/chunks/node_modules_next_dist_1e8vcs8._.js:776
[  144541ms] [LOG] [Fast Refresh] done in 1653ms @ http://localhost:3000/_next/static/chunks/node_modules_next_dist_1e8vcs8._.js:776
[  144603ms] [LOG] [Fast Refresh] done in 1653ms @ http://localhost:3000/_next/static/chunks/node_modules_next_dist_1e8vcs8._.js:776
[  144665ms] [LOG] [Fast Refresh] done in 1653ms @ http://localhost:3000/_next/static/chunks/node_modules_next_dist_1e8vcs8._.js:776
[  144728ms] [LOG] [Fast Refresh] done in 1653ms @ http://localhost:3000/_next/static/chunks/node_modules_next_dist_1e8vcs8._.js:776
[  144789ms] [LOG] [Fast Refresh] done in 1653ms @ http://localhost:3000/_next/static/chunks/node_modules_next_dist_1e8vcs8._.js:776
[  144850ms] [LOG] [Fast Refresh] done in 1653ms @ http://localhost:3000/_next/static/chunks/node_modules_next_dist_1e8vcs8._.js:776
[  144912ms] [LOG] [Fast Refresh] done in 1653ms @ http://localhost:3000/_next/static/chunks/node_modules_next_dist_1e8vcs8._.js:776
[  144973ms] [LOG] [Fast Refresh] done in 1653ms @ http://localhost:3000/_next/static/chunks/node_modules_next_dist_1e8vcs8._.js:776
[  145036ms] [LOG] [Fast Refresh] done in 1653ms @ http://localhost:3000/_next/static/chunks/node_modules_next_dist_1e8vcs8._.js:776
[  145099ms] [LOG] [Fast Refresh] done in 1653ms @ http://localhost:3000/_next/static/chunks/node_modules_next_dist_1e8vcs8._.js:776
[  145160ms] [LOG] [Fast Refresh] done in 1653ms @ http://localhost:3000/_next/static/chunks/node_modules_next_dist_1e8vcs8._.js:776
[  145223ms] [LOG] [Fast Refresh] done in 1653ms @ http://localhost:3000/_next/static/chunks/node_modules_next_dist_1e8vcs8._.js:776
[  145283ms] [LOG] [Fast Refresh] done in 1653ms @ http://localhost:3000/_next/static/chunks/node_modules_next_dist_1e8vcs8._.js:776
[  145346ms] [LOG] [Fast Refresh] done in 1653ms @ http://localhost:3000/_next/static/chunks/node_modules_next_dist_1e8vcs8._.js:776
[  145408ms] [LOG] [Fast Refresh] done in 1653ms @ http://localhost:3000/_next/static/chunks/node_modules_next_dist_1e8vcs8._.js:776
[  145470ms] [LOG] [Fast Refresh] done in 1653ms @ http://localhost:3000/_next/static/chunks/node_modules_next_dist_1e8vcs8._.js:776
[  145532ms] [LOG] [Fast Refresh] done in 1653ms @ http://localhost:3000/_next/static/chunks/node_modules_next_dist_1e8vcs8._.js:776
[  145595ms] [LOG] [Fast Refresh] done in 1653ms @ http://localhost:3000/_next/static/chunks/node_modules_next_dist_1e8vcs8._.js:776
[  145659ms] [LOG] [Fast Refresh] done in 1653ms @ http://localhost:3000/_next/static/chunks/node_modules_next_dist_1e8vcs8._.js:776
[  145721ms] [LOG] [Fast Refresh] done in 1653ms @ http://localhost:3000/_next/static/chunks/node_modules_next_dist_1e8vcs8._.js:776
[  145783ms] [LOG] [Fast Refresh] done in 1653ms @ http://localhost:3000/_next/static/chunks/node_modules_next_dist_1e8vcs8._.js:776
[  145845ms] [LOG] [Fast Refresh] done in 1653ms @ http://localhost:3000/_next/static/chunks/node_modules_next_dist_1e8vcs8._.js:776
[  145906ms] [LOG] [Fast Refresh] done in 1653ms @ http://localhost:3000/_next/static/chunks/node_modules_next_dist_1e8vcs8._.js:776
[  145969ms] [LOG] [Fast Refresh] done in 1653ms @ http://localhost:3000/_next/static/chunks/node_modules_next_dist_1e8vcs8._.js:776
[  146031ms] [LOG] [Fast Refresh] done in 1653ms @ http://localhost:3000/_next/static/chunks/node_modules_next_dist_1e8vcs8._.js:776
[  146094ms] [LOG] [Fast Refresh] done in 1653ms @ http://localhost:3000/_next/static/chunks/node_modules_next_dist_1e8vcs8._.js:776
[  146164ms] [LOG] [Fast Refresh] done in 1653ms @ http://localhost:3000/_next/static/chunks/node_modules_next_dist_1e8vcs8._.js:776
[  146234ms] [LOG] [Fast Refresh] done in 1653ms @ http://localhost:3000/_next/static/chunks/node_modules_next_dist_1e8vcs8._.js:776
[  146298ms] [LOG] [Fast Refresh] done in 1653ms @ http://localhost:3000/_next/static/chunks/node_modules_next_dist_1e8vcs8._.js:776
[  146360ms] [LOG] [Fast Refresh] done in 1653ms @ http://localhost:3000/_next/static/chunks/node_modules_next_dist_1e8vcs8._.js:776
[  146421ms] [LOG] [Fast Refresh] done in 1653ms @ http://localhost:3000/_next/static/chunks/node_modules_next_dist_1e8vcs8._.js:776
[  146484ms] [LOG] [Fast Refresh] done in 1653ms @ http://localhost:3000/_next/static/chunks/node_modules_next_dist_1e8vcs8._.js:776
[  146545ms] [LOG] [Fast Refresh] done in 1653ms @ http://localhost:3000/_next/static/chunks/node_modules_next_dist_1e8vcs8._.js:776
[  146607ms] [LOG] [Fast Refresh] done in 1653ms @ http://localhost:3000/_next/static/chunks/node_modules_next_dist_1e8vcs8._.js:776
[  146669ms] [LOG] [Fast Refresh] done in 1653ms @ http://localhost:3000/_next/static/chunks/node_modules_next_dist_1e8vcs8._.js:776
[  146732ms] [LOG] [Fast Refresh] done in 1653ms @ http://localhost:3000/_next/static/chunks/node_modules_next_dist_1e8vcs8._.js:776
[  146794ms] [LOG] [Fast Refresh] done in 1653ms @ http://localhost:3000/_next/static/chunks/node_modules_next_dist_1e8vcs8._.js:776
[  146858ms] [LOG] [Fast Refresh] done in 1653ms @ http://localhost:3000/_next/static/chunks/node_modules_next_dist_1e8vcs8._.js:776
[  146918ms] [LOG] [Fast Refresh] done in 1653ms @ http://localhost:3000/_next/static/chunks/node_modules_next_dist_1e8vcs8._.js:776
[  146980ms] [LOG] [Fast Refresh] done in 1653ms @ http://localhost:3000/_next/static/chunks/node_modules_next_dist_1e8vcs8._.js:776
[  147043ms] [LOG] [Fast Refresh] done in 1653ms @ http://localhost:3000/_next/static/chunks/node_modules_next_dist_1e8vcs8._.js:776
[  147105ms] [LOG] [Fast Refresh] done in 1653ms @ http://localhost:3000/_next/static/chunks/node_modules_next_dist_1e8vcs8._.js:776
[  147165ms] [LOG] [Fast Refresh] done in 1653ms @ http://localhost:3000/_next/static/chunks/node_modules_next_dist_1e8vcs8._.js:776
[  147227ms] [LOG] [Fast Refresh] done in 1653ms @ http://localhost:3000/_next/static/chunks/node_modules_next_dist_1e8vcs8._.js:776
[  147289ms] [LOG] [Fast Refresh] done in 1653ms @ http://localhost:3000/_next/static/chunks/node_modules_next_dist_1e8vcs8._.js:776
[  147352ms] [LOG] [Fast Refresh] done in 1653ms @ http://localhost:3000/_next/static/chunks/node_modules_next_dist_1e8vcs8._.js:776
[  147414ms] [LOG] [Fast Refresh] done in 1653ms @ http://localhost:3000/_next/static/chunks/node_modules_next_dist_1e8vcs8._.js:776
[  291894ms] [LOG] [Fast Refresh] rebuilding @ http://localhost:3000/_next/static/chunks/node_modules_next_dist_1e8vcs8._.js:776
[  301829ms] [LOG] [Fast Refresh] done in 10044ms @ http://localhost:3000/_next/static/chunks/node_modules_next_dist_1e8vcs8._.js:776
[  337042ms] [LOG] [Fast Refresh] rebuilding @ http://localhost:3000/_next/static/chunks/node_modules_next_dist_1e8vcs8._.js:776
[  337743ms] [LOG] [Fast Refresh] done in 809ms @ http://localhost:3000/_next/static/chunks/node_modules_next_dist_1e8vcs8._.js:776
[  338164ms] [LOG] [Fast Refresh] rebuilding @ http://localhost:3000/_next/static/chunks/node_modules_next_dist_1e8vcs8._.js:776
[  338319ms] [LOG] [Fast Refresh] done in 263ms @ http://localhost:3000/_next/static/chunks/node_modules_next_dist_1e8vcs8._.js:776
[  338929ms] [LOG] [Fast Refresh] rebuilding @ http://localhost:3000/_next/static/chunks/node_modules_next_dist_1e8vcs8._.js:776
[  348087ms] [LOG] [Fast Refresh] done in 9266ms @ http://localhost:3000/_next/static/chunks/node_modules_next_dist_1e8vcs8._.js:776
